<html>
<body>
<pre>
<h1>µVision Build Log</h1>
<h2>Tool Versions:</h2>
IDE-Version: µVision V5.24.2.0
Copyright (C) 2017 ARM Ltd and ARM Germany GmbH. All rights reserved.
License Information: João Azevedo, Universidade do Minho, LIC=PE72Z-JAITH-8FBIE-59AK3-E2BWI-R6L51
 
Tool Versions:
Toolchain:       MDK-ARM Plus  Version: 5.24.1
Toolchain Path:  C:\Keil_v5\ARM\ARMCC\Bin
C Compiler:      Armcc.exe V5.06 update 5 (build 528)
Assembler:       Armasm.exe V5.06 update 5 (build 528)
Linker/Locator:  ArmLink.exe V5.06 update 5 (build 528)
Library Manager: ArmAr.exe V5.06 update 5 (build 528)
Hex Converter:   FromElf.exe V5.06 update 5 (build 528)
CPU DLL:         SARMCM3.DLL V5.24.1
Dialog DLL:      DCM.DLL V1.16.0.0
Target DLL:      UL2CM3.DLL V1.160.3.0
Dialog DLL:      TCM.DLL V1.32.0.0
 
<h2>Project:</h2>
C:\emb\projeto_1\MDK_ARM\project1.uvprojx
Project File Date:  11/20/2017

<h2>Output:</h2>
*** Using Compiler 'V5.06 update 5 (build 528)', folder: 'C:\Keil_v5\ARM\ARMCC\Bin'
Rebuild target 'TetraplegicRealTimeAssistant'
compiling i2cModule.c...
compiling I2S_Module.c...
compiling oximeterDriver.c...
compiling MicrophoneDriver.c...
compiling gyroscopeDriver.c...
compiling spiModule.c...
compiling main.c...
compiling pushButtonDriver.c...
compiling misc.c...
compiling buzzerDriver.c...
compiling stm32f4xx_i2c.c...
compiling stm32f4xx_gpio.c...
compiling stm32f4xx_dma.c...
compiling trasnceiverDriver.c...
..\src\trasnceiverDriver.c(211): warning:  #111-D: statement is unreachable
  		switch(newMode)
..\src\trasnceiverDriver.c: 1 warning, 0 errors
compiling stm32f4xx_rcc.c...
assembling startup_stm32f40_41xxx.s...
compiling freertos_evr.c...
compiling list.c...
compiling heap_2.c...
compiling stm32f4xx_spi.c...
compiling system_stm32f4xx.c...
compiling stm32f4xx_exti.c...
compiling stm32f4xx_syscfg.c...
compiling port.c...
compiling stm32f4xx_rtc.c...
compiling stm32f4xx_tim.c...
compiling queue.c...
compiling timers.c...
compiling tasks.c...
linking...
Program Size: Code=14732 RO-data=424 RW-data=908 ZI-data=70596  
".\Objects\project1.axf" - 0 Error(s), 1 Warning(s).

<h2>Software Packages used:</h2>

Package Vendor: ARM
                http://www.keil.com/pack/ARM.CMSIS.5.1.0.pack
                ARM.CMSIS.5.1.0
                CMSIS (Cortex Microcontroller Software Interface Standard)
   * Component: CORE Version: 5.0.2

Package Vendor: ARM
                http://www.keil.com/pack/ARM.CMSIS-FreeRTOS.9.1.0.pack
                ARM.CMSIS-FreeRTOS.9.1.0
                Bundle of FreeRTOS for Cortex-M and Cortex-A
   * Component: Timers Version: 9.0.0
   * Component: Heap Variant: Heap_2 Version: 9.0.0
   * Component: Core Version: 9.0.0
   * Component: Config Variant: FreeRTOS Version: 9.0.0

Package Vendor: Keil
                http://www.keil.com/pack/Keil.STM32F4xx_DFP.1.0.8.pack
                Keil.STM32F4xx_DFP.1.0.8
                STMicroelectronics STM32F4 Series Device Support, Drivers and Examples
   * Component: TIM Version: 1.3.0
   * Component: SYSCFG Version: 1.3.0
   * Component: SPI Version: 1.3.0
   * Component: RTC Version: 1.3.0
   * Component: RCC Version: 1.3.0
   * Component: I2C Version: 1.3.0
   * Component: GPIO Version: 1.3.0
   * Component: Framework Version: 1.3.1
   * Component: EXTI Version: 1.3.0
   * Component: DMA Version: 1.3.0
   * Component: Startup Version: 1.3.1

<h2>Collection of Component include folders:</h2>
  .\RTE\Device\STM32F407VG
  .\RTE\RTOS
  .\RTE\_TetraplegicRealTimeAssistant
  C:\Keil_v5\ARM\PACK\ARM\CMSIS-FreeRTOS\9.1.0\CMSIS\RTOS2\FreeRTOS\Include
  C:\Keil_v5\ARM\PACK\ARM\CMSIS-FreeRTOS\9.1.0\Source\include
  C:\Keil_v5\ARM\PACK\ARM\CMSIS-FreeRTOS\9.1.0\Source\portable\RVDS\ARM_CM4F
  C:\Keil_v5\ARM\PACK\ARM\CMSIS\5.1.0\CMSIS\Include
  C:\Keil_v5\ARM\PACK\Keil\STM32F4xx_DFP\1.0.8\Device\Include
  C:\Keil_v5\ARM\PACK\Keil\STM32F4xx_DFP\1.0.8\Device\StdPeriph_Driver\inc

<h2>Collection of Component Files used:</h2>

   * Component: Keil::Device:StdPeriph Drivers:TIM:1.3.0
      Include file:  Device\StdPeriph_Driver\inc\stm32f4xx_tim.h
      Source file:   Device\StdPeriph_Driver\src\stm32f4xx_tim.c

   * Component: Keil::Device:StdPeriph Drivers:SYSCFG:1.3.0
      Source file:   Device\StdPeriph_Driver\src\stm32f4xx_syscfg.c
      Include file:  Device\StdPeriph_Driver\inc\stm32f4xx_syscfg.h

   * Component: Keil::Device:StdPeriph Drivers:SPI:1.3.0
      Include file:  Device\StdPeriph_Driver\inc\stm32f4xx_spi.h
      Source file:   Device\StdPeriph_Driver\src\stm32f4xx_spi.c

   * Component: Keil::Device:StdPeriph Drivers:RTC:1.3.0
      Include file:  Device\StdPeriph_Driver\inc\stm32f4xx_rtc.h
      Source file:   Device\StdPeriph_Driver\src\stm32f4xx_rtc.c

   * Component: Keil::Device:StdPeriph Drivers:RCC:1.3.0
      Include file:  Device\StdPeriph_Driver\inc\stm32f4xx_rcc.h
      Source file:   Device\StdPeriph_Driver\src\stm32f4xx_rcc.c

   * Component: Keil::Device:StdPeriph Drivers:I2C:1.3.0
      Source file:   Device\StdPeriph_Driver\src\stm32f4xx_i2c.c
      Include file:  Device\StdPeriph_Driver\inc\stm32f4xx_i2c.h

   * Component: Keil::Device:StdPeriph Drivers:GPIO:1.3.0
      Include file:  Device\StdPeriph_Driver\inc\stm32f4xx_gpio.h
      Source file:   Device\StdPeriph_Driver\src\stm32f4xx_gpio.c

   * Component: Keil::Device:StdPeriph Drivers:Framework:1.3.1
      Source file:   Device\StdPeriph_Driver\templates\stm32f4xx_conf.h
      Source file:   Device\StdPeriph_Driver\templates\stm32f4xx_it.c
      Source file:   Device\StdPeriph_Driver\src\misc.c
      Include file:  Device\StdPeriph_Driver\templates\stm32f4xx_it.h

   * Component: Keil::Device:StdPeriph Drivers:EXTI:1.3.0
      Include file:  Device\StdPeriph_Driver\inc\stm32f4xx_exti.h
      Source file:   Device\StdPeriph_Driver\src\stm32f4xx_exti.c

   * Component: Keil::Device:StdPeriph Drivers:DMA:1.3.0
      Source file:   Device\StdPeriph_Driver\src\stm32f4xx_dma.c
      Include file:  Device\StdPeriph_Driver\inc\stm32f4xx_dma.h

   * Component: Keil::Device:Startup:1.3.1
      Source file:   Device\Source\ARM\STM32F40xxx_41xxx_OPT.s
      Source file:   Device\Source\ARM\startup_stm32f40_41xxx.s
      Source file:   Device\Source\ARM\STM32F4xx_OTP.s
      Include file:  Device\Include\stm32f4xx.h
      Source file:   Device\Source\system_stm32f4xx.c
      Include file:  RTE_Driver\Config\RTE_Device.h

   * Component: ARM::CMSIS:CORE:5.0.2

   * Component: ARM.FreeRTOS::RTOS:Timers:9.0.0
      Include file:  Source\include\timers.h
      Source file:   Source\timers.c

   * Component: ARM.FreeRTOS::RTOS:Heap:Heap_2:9.0.0
      Source file:   Source\portable\MemMang\heap_2.c

   * Component: ARM.FreeRTOS::RTOS:Core:9.0.0
      Source file:   Source\portable\RVDS\ARM_CM4F\port.c
      Include file:  Source\include\FreeRTOS.h
      Include file:  Source\include\semphr.h
      Include file:  Source\include\task.h
      Source file:   Source\list.c
      Include file:  Source\include\queue.h
      Source file:   Source\queue.c
      Source file:   Source\tasks.c
      Include file:  CMSIS\RTOS2\FreeRTOS\Include\freertos_evr.h
      Source file:   CMSIS\RTOS2\FreeRTOS\Source\freertos_evr.c

   * Component: ARM.FreeRTOS::RTOS:Config:FreeRTOS:9.0.0
      Include file:  Config\ARMCM\FreeRTOSConfig.h
Build Time Elapsed:  00:00:06
</pre>
</body>
</html>
