Component: ARM Compiler 5.06 update 5 (build 528) Tool: armlink [4d35e2]

==============================================================================

Section Cross References

    gyroscopedriver.o(i.gyroInit) refers to stm32f4xx_rcc.o(i.RCC_AHB1PeriphClockCmd) for RCC_AHB1PeriphClockCmd
    gyroscopedriver.o(i.gyroInit) refers to stm32f4xx_gpio.o(i.GPIO_Init) for GPIO_Init
    gyroscopedriver.o(i.gyroInit) refers to stm32f4xx_gpio.o(i.GPIO_PinAFConfig) for GPIO_PinAFConfig
    gyroscopedriver.o(i.gyroRead) refers to stm32f4xx_gpio.o(i.GPIO_ResetBits) for GPIO_ResetBits
    gyroscopedriver.o(i.gyroRead) refers to gyroscopedriver.o(i.gyroTransmit) for gyroTransmit
    gyroscopedriver.o(i.gyroRead) refers to stm32f4xx_gpio.o(i.GPIO_SetBits) for GPIO_SetBits
    gyroscopedriver.o(i.gyroRead) refers to gyroscopedriver.o(.bss) for data
    gyroscopedriver.o(i.gyroStart) refers to gyroscopedriver.o(i.gyroInit) for gyroInit
    gyroscopedriver.o(i.gyroStart) refers to spimodule.o(i.spiInit) for spiInit
    gyroscopedriver.o(i.gyroStart) refers to stm32f4xx_gpio.o(i.GPIO_SetBits) for GPIO_SetBits
    gyroscopedriver.o(i.gyroStart) refers to gyroscopedriver.o(i.gyroRead) for gyroRead
    gyroscopedriver.o(i.gyroStart) refers to gyroscopedriver.o(i.gyroWrite) for gyroWrite
    gyroscopedriver.o(i.gyroTransmit) refers to stm32f4xx_spi.o(i.SPI_I2S_GetFlagStatus) for SPI_I2S_GetFlagStatus
    gyroscopedriver.o(i.gyroTransmit) refers to stm32f4xx_spi.o(i.SPI_I2S_SendData) for SPI_I2S_SendData
    gyroscopedriver.o(i.gyroTransmit) refers to stm32f4xx_spi.o(i.SPI_I2S_ReceiveData) for SPI_I2S_ReceiveData
    gyroscopedriver.o(i.gyroWrite) refers to stm32f4xx_gpio.o(i.GPIO_ResetBits) for GPIO_ResetBits
    gyroscopedriver.o(i.gyroWrite) refers to gyroscopedriver.o(i.gyroTransmit) for gyroTransmit
    gyroscopedriver.o(i.gyroWrite) refers to stm32f4xx_gpio.o(i.GPIO_SetBits) for GPIO_SetBits
    main.o(i.main) refers to tasks.o(i.xTaskCreate) for xTaskCreate
    main.o(i.main) refers to tasks.o(i.vTaskStartScheduler) for vTaskStartScheduler
    main.o(i.main) refers to main.o(i.vLEDTask) for vLEDTask
    main.o(i.prvSetupLed) refers to stm32f4xx_rcc.o(i.RCC_AHB1PeriphClockCmd) for RCC_AHB1PeriphClockCmd
    main.o(i.prvSetupLed) refers to stm32f4xx_gpio.o(i.GPIO_Init) for GPIO_Init
    main.o(i.vLEDTask) refers to main.o(i.prvSetupLed) for prvSetupLed
    main.o(i.vLEDTask) refers to stm32f4xx_gpio.o(i.GPIO_ToggleBits) for GPIO_ToggleBits
    main.o(i.vLEDTask) refers to tasks.o(i.vTaskDelay) for vTaskDelay
    spimodule.o(i.spiInit) refers to stm32f4xx_spi.o(i.SPI_StructInit) for SPI_StructInit
    spimodule.o(i.spiInit) refers to stm32f4xx_rcc.o(i.RCC_APB2PeriphClockCmd) for RCC_APB2PeriphClockCmd
    spimodule.o(i.spiInit) refers to stm32f4xx_spi.o(i.SPI_Init) for SPI_Init
    spimodule.o(i.spiInit) refers to stm32f4xx_spi.o(i.SPI_Cmd) for SPI_Cmd
    i2cmodule.o(i.i2cInit) refers to stm32f4xx_rcc.o(i.RCC_APB1PeriphClockCmd) for RCC_APB1PeriphClockCmd
    i2cmodule.o(i.i2cInit) refers to stm32f4xx_i2c.o(i.I2C_Init) for I2C_Init
    i2cmodule.o(i.i2cInit) refers to stm32f4xx_i2c.o(i.I2C_Cmd) for I2C_Cmd
    oximeterdriver.o(i.oximeterInit) refers to stm32f4xx_rcc.o(i.RCC_AHB1PeriphClockCmd) for RCC_AHB1PeriphClockCmd
    oximeterdriver.o(i.oximeterInit) refers to stm32f4xx_gpio.o(i.GPIO_Init) for GPIO_Init
    oximeterdriver.o(i.oximeterInit) refers to stm32f4xx_gpio.o(i.GPIO_PinAFConfig) for GPIO_PinAFConfig
    oximeterdriver.o(i.oximeterRead) refers to stm32f4xx_i2c.o(i.I2C_GenerateSTART) for I2C_GenerateSTART
    oximeterdriver.o(i.oximeterRead) refers to stm32f4xx_i2c.o(i.I2C_Send7bitAddress) for I2C_Send7bitAddress
    oximeterdriver.o(i.oximeterRead) refers to stm32f4xx_i2c.o(i.I2C_SendData) for I2C_SendData
    oximeterdriver.o(i.oximeterRead) refers to stm32f4xx_i2c.o(i.I2C_ReceiveData) for I2C_ReceiveData
    oximeterdriver.o(i.oximeterRead) refers to stm32f4xx_i2c.o(i.I2C_GenerateSTOP) for I2C_GenerateSTOP
    oximeterdriver.o(i.oximeterReadFIFO) refers to oximeterdriver.o(i.oximeterRead) for oximeterRead
    oximeterdriver.o(i.oximeterReadFIFO) refers to oximeterdriver.o(i.readFrom) for readFrom
    oximeterdriver.o(i.oximeterStart) refers to oximeterdriver.o(i.oximeterInit) for oximeterInit
    oximeterdriver.o(i.oximeterStart) refers to oximeterdriver.o(i.setMode) for setMode
    oximeterdriver.o(i.oximeterStart) refers to oximeterdriver.o(i.setSamplingRate) for setSamplingRate
    oximeterdriver.o(i.oximeterStart) refers to oximeterdriver.o(i.setLEDPulseWidth) for setLEDPulseWidth
    oximeterdriver.o(i.oximeterStart) refers to oximeterdriver.o(i.setInterrupt) for setInterrupt
    oximeterdriver.o(i.oximeterStart) refers to oximeterdriver.o(i.setLEDCurrents) for setLEDCurrents
    oximeterdriver.o(i.oximeterStart) refers to oximeterdriver.o(i.oximeterWrite) for oximeterWrite
    oximeterdriver.o(i.oximeterStart) refers to oximeterdriver.o(.data) for IrLedCurrent
[...]
    ..\\src\\i2cModule.c                     0x00000000   Number         0  i2cmodule.o ABSOLUTE
    ..\\src\\main.c                          0x00000000   Number         0  main.o ABSOLUTE
    ..\\src\\oximeterDriver.c                0x00000000   Number         0  oximeterdriver.o ABSOLUTE
    ..\\src\\pushButtonDriver.c              0x00000000   Number         0  pushbuttondriver.o ABSOLUTE
    ..\\src\\rtcDriver.c                     0x00000000   Number         0  rtcdriver.o ABSOLUTE
    ..\\src\\spiModule.c                     0x00000000   Number         0  spimodule.o ABSOLUTE
    ..\\src\\trasnceiverDriver.c             0x00000000   Number         0  trasnceiverdriver.o ABSOLUTE
    ..\src\I2S_Module.c                      0x00000000   Number         0  i2s_module.o ABSOLUTE
    ..\src\MicrophoneDriver.c                0x00000000   Number         0  microphonedriver.o ABSOLUTE
    ..\src\buzzerDriver.c                    0x00000000   Number         0  buzzerdriver.o ABSOLUTE
    ..\src\gyroscopeDriver.c                 0x00000000   Number         0  gyroscopedriver.o ABSOLUTE
    ..\src\i2cModule.c                       0x00000000   Number         0  i2cmodule.o ABSOLUTE
    ..\src\main.c                            0x00000000   Number         0  main.o ABSOLUTE
    ..\src\oximeterDriver.c                  0x00000000   Number         0  oximeterdriver.o ABSOLUTE
    ..\src\pdm_filter.c                      0x00000000   Number         0  pdm_filter.o ABSOLUTE
    ..\src\pushButtonDriver.c                0x00000000   Number         0  pushbuttondriver.o ABSOLUTE
    ..\src\rtcDriver.c                       0x00000000   Number         0  rtcdriver.o ABSOLUTE
    ..\src\spiModule.c                       0x00000000   Number         0  spimodule.o ABSOLUTE
    ..\src\trasnceiverDriver.c               0x00000000   Number         0  trasnceiverdriver.o ABSOLUTE
    C:\Keil_v5\ARM\PACK\ARM\CMSIS-FreeRTOS\9.1.0\CMSIS\RTOS2\FreeRTOS\Source\freertos_evr.c 0x00000000   Number         0  freertos_evr.o ABSOLUTE
    C:\Keil_v5\ARM\PACK\ARM\CMSIS-FreeRTOS\9.1.0\Source\list.c 0x00000000   Number         0  list.o ABSOLUTE
    C:\Keil_v5\ARM\PACK\ARM\CMSIS-FreeRTOS\9.1.0\Source\portable\MemMang\heap_2.c 0x00000000   Number         0  heap_2.o ABSOLUTE
    C:\Keil_v5\ARM\PACK\ARM\CMSIS-FreeRTOS\9.1.0\Source\portable\RVDS\ARM_CM4F\port.c 0x00000000   Number         0  port.o ABSOLUTE
    C:\Keil_v5\ARM\PACK\ARM\CMSIS-FreeRTOS\9.1.0\Source\queue.c 0x00000000   Number         0  queue.o ABSOLUTE
    C:\Keil_v5\ARM\PACK\ARM\CMSIS-FreeRTOS\9.1.0\Source\tasks.c 0x00000000   Number         0  tasks.o ABSOLUTE
    C:\Keil_v5\ARM\PACK\ARM\CMSIS-FreeRTOS\9.1.0\Source\timers.c 0x00000000   Number         0  timers.o ABSOLUTE
    C:\Keil_v5\ARM\PACK\Keil\STM32F4xx_DFP\1.0.8\Device\StdPeriph_Driver\src\misc.c 0x00000000   Number         0  misc.o ABSOLUTE
    C:\Keil_v5\ARM\PACK\Keil\STM32F4xx_DFP\1.0.8\Device\StdPeriph_Driver\src\stm32f4xx_dma.c 0x00000000   Number         0  stm32f4xx_dma.o ABSOLUTE
    C:\Keil_v5\ARM\PACK\Keil\STM32F4xx_DFP\1.0.8\Device\StdPeriph_Driver\src\stm32f4xx_exti.c 0x00000000   Number         0  stm32f4xx_exti.o ABSOLUTE
    C:\Keil_v5\ARM\PACK\Keil\STM32F4xx_DFP\1.0.8\Device\StdPeriph_Driver\src\stm32f4xx_gpio.c 0x00000000   Number         0  stm32f4xx_gpio.o ABSOLUTE
    C:\Keil_v5\ARM\PACK\Keil\STM32F4xx_DFP\1.0.8\Device\StdPeriph_Driver\src\stm32f4xx_i2c.c 0x00000000   Number         0  stm32f4xx_i2c.o ABSOLUTE
    C:\Keil_v5\ARM\PACK\Keil\STM32F4xx_DFP\1.0.8\Device\StdPeriph_Driver\src\stm32f4xx_pwr.c 0x00000000   Number         0  stm32f4xx_pwr.o ABSOLUTE
    C:\Keil_v5\ARM\PACK\Keil\STM32F4xx_DFP\1.0.8\Device\StdPeriph_Driver\src\stm32f4xx_rcc.c 0x00000000   Number         0  stm32f4xx_rcc.o ABSOLUTE
    C:\Keil_v5\ARM\PACK\Keil\STM32F4xx_DFP\1.0.8\Device\StdPeriph_Driver\src\stm32f4xx_rtc.c 0x00000000   Number         0  stm32f4xx_rtc.o ABSOLUTE
    C:\Keil_v5\ARM\PACK\Keil\STM32F4xx_DFP\1.0.8\Device\StdPeriph_Driver\src\stm32f4xx_spi.c 0x00000000   Number         0  stm32f4xx_spi.o ABSOLUTE
    C:\Keil_v5\ARM\PACK\Keil\STM32F4xx_DFP\1.0.8\Device\StdPeriph_Driver\src\stm32f4xx_syscfg.c 0x00000000   Number         0  stm32f4xx_syscfg.o ABSOLUTE
    C:\Keil_v5\ARM\PACK\Keil\STM32F4xx_DFP\1.0.8\Device\StdPeriph_Driver\src\stm32f4xx_tim.c 0x00000000   Number         0  stm32f4xx_tim.o ABSOLUTE
    C:\\Keil_v5\\ARM\\PACK\\ARM\\CMSIS-FreeRTOS\\9.1.0\\CMSIS\\RTOS2\\FreeRTOS\\Source\\freertos_evr.c 0x00000000   Number         0  freertos_evr.o ABSOLUTE
    C:\\Keil_v5\\ARM\\PACK\\ARM\\CMSIS-FreeRTOS\\9.1.0\\Source\\portable\\RVDS\\ARM_CM4F\\port.c 0x00000000   Number         0  port.o ABSOLUTE
    C:\\Keil_v5\\ARM\\PACK\\Keil\\STM32F4xx_DFP\\1.0.8\\Device\\StdPeriph_Driver\\src\\misc.c 0x00000000   Number         0  misc.o ABSOLUTE
    C:\\Keil_v5\\ARM\\PACK\\Keil\\STM32F4xx_DFP\\1.0.8\\Device\\StdPeriph_Driver\\src\\stm32f4xx_dma.c 0x00000000   Number         0  stm32f4xx_dma.o ABSOLUTE
    C:\\Keil_v5\\ARM\\PACK\\Keil\\STM32F4xx_DFP\\1.0.8\\Device\\StdPeriph_Driver\\src\\stm32f4xx_exti.c 0x00000000   Number         0  stm32f4xx_exti.o ABSOLUTE
    C:\\Keil_v5\\ARM\\PACK\\Keil\\STM32F4xx_DFP\\1.0.8\\Device\\StdPeriph_Driver\\src\\stm32f4xx_gpio.c 0x00000000   Number         0  stm32f4xx_gpio.o ABSOLUTE
    C:\\Keil_v5\\ARM\\PACK\\Keil\\STM32F4xx_DFP\\1.0.8\\Device\\StdPeriph_Driver\\src\\stm32f4xx_i2c.c 0x00000000   Number         0  stm32f4xx_i2c.o ABSOLUTE
    C:\\Keil_v5\\ARM\\PACK\\Keil\\STM32F4xx_DFP\\1.0.8\\Device\\StdPeriph_Driver\\src\\stm32f4xx_pwr.c 0x00000000   Number         0  stm32f4xx_pwr.o ABSOLUTE
    C:\\Keil_v5\\ARM\\PACK\\Keil\\STM32F4xx_DFP\\1.0.8\\Device\\StdPeriph_Driver\\src\\stm32f4xx_rcc.c 0x00000000   Number         0  stm32f4xx_rcc.o ABSOLUTE
    C:\\Keil_v5\\ARM\\PACK\\Keil\\STM32F4xx_DFP\\1.0.8\\Device\\StdPeriph_Driver\\src\\stm32f4xx_rtc.c 0x00000000   Number         0  stm32f4xx_rtc.o ABSOLUTE
    C:\\Keil_v5\\ARM\\PACK\\Keil\\STM32F4xx_DFP\\1.0.8\\Device\\StdPeriph_Driver\\src\\stm32f4xx_spi.c 0x00000000   Number         0  stm32f4xx_spi.o ABSOLUTE
    C:\\Keil_v5\\ARM\\PACK\\Keil\\STM32F4xx_DFP\\1.0.8\\Device\\StdPeriph_Driver\\src\\stm32f4xx_syscfg.c 0x00000000   Number         0  stm32f4xx_syscfg.o ABSOLUTE
    C:\\Keil_v5\\ARM\\PACK\\Keil\\STM32F4xx_DFP\\1.0.8\\Device\\StdPeriph_Driver\\src\\stm32f4xx_tim.c 0x00000000   Number         0  stm32f4xx_tim.o ABSOLUTE
    RTE\Device\STM32F407VG\startup_stm32f40_41xxx.s 0x00000000   Number         0  startup_stm32f40_41xxx.o ABSOLUTE
    RTE\Device\STM32F407VG\system_stm32f4xx.c 0x00000000   Number         0  system_stm32f4xx.o ABSOLUTE
    RTE\\Device\\STM32F407VG\\system_stm32f4xx.c 0x00000000   Number         0  system_stm32f4xx.o ABSOLUTE
    dc.s                                     0x00000000   Number         0  dc.o ABSOLUTE
    RESET                                    0x08000000   Section      392  startup_stm32f40_41xxx.o(RESET)
    !!!main                                  0x08000188   Section        8  __main.o(!!!main)
    !!!scatter                               0x08000190   Section       52  __scatter.o(!!!scatter)
    !!dczerorl2                              0x080001c4   Section       90  __dczerorl2.o(!!dczerorl2)
    !!handler_zi                             0x08000220   Section       28  __scatter_zi.o(!!handler_zi)
    .ARM.Collect$$libinit$$00000000          0x0800023c   Section        2  libinit.o(.ARM.Collect$$libinit$$00000000)
    .ARM.Collect$$libinit$$00000001          0x0800023e   Section        4  libinit2.o(.ARM.Collect$$libinit$$00000001)
    .ARM.Collect$$libinit$$00000004          0x08000242   Section        0  libinit2.o(.ARM.Collect$$libinit$$00000004)
    .ARM.Collect$$libinit$$0000000A          0x08000242   Section        0  libinit2.o(.ARM.Collect$$libinit$$0000000A)
    .ARM.Collect$$libinit$$0000000C          0x08000242   Section        0  libinit2.o(.ARM.Collect$$libinit$$0000000C)
    .ARM.Collect$$libinit$$0000000E          0x08000242   Section        0  libinit2.o(.ARM.Collect$$libinit$$0000000E)
    .ARM.Collect$$libinit$$00000011          0x08000242   Section        0  libinit2.o(.ARM.Collect$$libinit$$00000011)
    .ARM.Collect$$libinit$$00000013          0x08000242   Section        0  libinit2.o(.ARM.Collect$$libinit$$00000013)
    .ARM.Collect$$libinit$$00000015          0x08000242   Section        0  libinit2.o(.ARM.Collect$$libinit$$00000015)
    .ARM.Collect$$libinit$$00000017          0x08000242   Section        0  libinit2.o(.ARM.Collect$$libinit$$00000017)
    .ARM.Collect$$libinit$$00000019          0x08000242   Section        0  libinit2.o(.ARM.Collect$$libinit$$00000019)
    .ARM.Collect$$libinit$$0000001B          0x08000242   Section        0  libinit2.o(.ARM.Collect$$libinit$$0000001B)
    .ARM.Collect$$libinit$$0000001D          0x08000242   Section        0  libinit2.o(.ARM.Collect$$libinit$$0000001D)
    .ARM.Collect$$libinit$$0000001F          0x08000242   Section        0  libinit2.o(.ARM.Collect$$libinit$$0000001F)
    .ARM.Collect$$libinit$$00000021          0x08000242   Section        0  libinit2.o(.ARM.Collect$$libinit$$00000021)
    .ARM.Collect$$libinit$$00000023          0x08000242   Section        0  libinit2.o(.ARM.Collect$$libinit$$00000023)
    .ARM.Collect$$libinit$$00000025          0x08000242   Section        0  libinit2.o(.ARM.Collect$$libinit$$00000025)
    .ARM.Collect$$libinit$$0000002C          0x08000242   Section        0  libinit2.o(.ARM.Collect$$libinit$$0000002C)
    .ARM.Collect$$libinit$$0000002E          0x08000242   Section        0  libinit2.o(.ARM.Collect$$libinit$$0000002E)
    .ARM.Collect$$libinit$$00000030          0x08000242   Section        0  libinit2.o(.ARM.Collect$$libinit$$00000030)
    .ARM.Collect$$libinit$$00000032          0x08000242   Section        0  libinit2.o(.ARM.Collect$$libinit$$00000032)
    .ARM.Collect$$libinit$$00000033          0x08000242   Section        2  libinit2.o(.ARM.Collect$$libinit$$00000033)
    .ARM.Collect$$libshutdown$$00000000      0x08000244   Section        2  libshutdown.o(.ARM.Collect$$libshutdown$$00000000)
    .ARM.Collect$$libshutdown$$00000002      0x08000246   Section        0  libshutdown2.o(.ARM.Collect$$libshutdown$$00000002)
    .ARM.Collect$$libshutdown$$00000004      0x08000246   Section        0  libshutdown2.o(.ARM.Collect$$libshutdown$$00000004)
    .ARM.Collect$$libshutdown$$00000007      0x08000246   Section        0  libshutdown2.o(.ARM.Collect$$libshutdown$$00000007)
    .ARM.Collect$$libshutdown$$0000000A      0x08000246   Section        0  libshutdown2.o(.ARM.Collect$$libshutdown$$0000000A)
    .ARM.Collect$$libshutdown$$0000000C      0x08000246   Section        0  libshutdown2.o(.ARM.Collect$$libshutdown$$0000000C)
    .ARM.Collect$$libshutdown$$0000000F      0x08000246   Section        0  libshutdown2.o(.ARM.Collect$$libshutdown$$0000000F)
    .ARM.Collect$$libshutdown$$00000010      0x08000246   Section        2  libshutdown2.o(.ARM.Collect$$libshutdown$$00000010)
    .ARM.Collect$$rtentry$$00000000          0x08000248   Section        0  __rtentry.o(.ARM.Collect$$rtentry$$00000000)
    .ARM.Collect$$rtentry$$00000002          0x08000248   Section        0  __rtentry2.o(.ARM.Collect$$rtentry$$00000002)
    .ARM.Collect$$rtentry$$00000004          0x08000248   Section        6  __rtentry4.o(.ARM.Collect$$rtentry$$00000004)
    .ARM.Collect$$rtentry$$00000009          0x0800024e   Section        0  __rtentry2.o(.ARM.Collect$$rtentry$$00000009)
    .ARM.Collect$$rtentry$$0000000A          0x0800024e   Section        4  __rtentry2.o(.ARM.Collect$$rtentry$$0000000A)
    .ARM.Collect$$rtentry$$0000000C          0x08000252   Section        0  __rtentry2.o(.ARM.Collect$$rtentry$$0000000C)
    .ARM.Collect$$rtentry$$0000000D          0x08000252   Section        8  __rtentry2.o(.ARM.Collect$$rtentry$$0000000D)
    .ARM.Collect$$rtexit$$00000000           0x0800025a   Section        2  rtexit.o(.ARM.Collect$$rtexit$$00000000)
    .ARM.Collect$$rtexit$$00000002           0x0800025c   Section        0  rtexit2.o(.ARM.Collect$$rtexit$$00000002)
    .ARM.Collect$$rtexit$$00000003           0x0800025c   Section        4  rtexit2.o(.ARM.Collect$$rtexit$$00000003)
    .ARM.Collect$$rtexit$$00000004           0x08000260   Section        6  rtexit2.o(.ARM.Collect$$rtexit$$00000004)
    .emb_text                                0x08000268   Section      182  port.o(.emb_text)
    $v0                                      0x08000268   Number         0  port.o(.emb_text)
    .text                                    0x08000320   Section       64  startup_stm32f40_41xxx.o(.text)
    $v0                                      0x08000320   Number         0  startup_stm32f40_41xxx.o(.text)
    .text                                    0x08000360   Section        0  pdm_filter.o(.text)
    .text                                    0x08000f5c   Section      138  rt_memcpy_v6.o(.text)
    .text                                    0x08000fe6   Section      100  rt_memcpy_w.o(.text)
    .text                                    0x0800104a   Section        0  heapauxi.o(.text)
    .text                                    0x08001050   Section       74  sys_stackheap_outer.o(.text)
    .text                                    0x0800109a   Section        0  exit.o(.text)
    .text                                    0x080010ac   Section        8  libspace.o(.text)
    .text                                    0x080010b4   Section        0  sys_exit.o(.text)
    .text                                    0x080010c0   Section        2  use_no_semi.o(.text)
    .text                                    0x080010c2   Section        0  indicate_semi.o(.text)
    i.DMA1_Stream3_IRQHandler                0x080010c4   Section        0  microphonedriver.o(i.DMA1_Stream3_IRQHandler)
    i.DMA_ClearFlag                          0x08001164   Section        0  stm32f4xx_dma.o(i.DMA_ClearFlag)
    i.DMA_GetCurrentMemoryTarget             0x08001198   Section        0  stm32f4xx_dma.o(i.DMA_GetCurrentMemoryTarget)
    i.DMA_GetFlagStatus                      0x080011ac   Section        0  stm32f4xx_dma.o(i.DMA_GetFlagStatus)
    i.EXTI0_IRQHandler                       0x080011f0   Section        0  pushbuttondriver.o(i.EXTI0_IRQHandler)
    i.EXTI15_10_IRQHandler                   0x08001204   Section        0  trasnceiverdriver.o(i.EXTI15_10_IRQHandler)
    i.EXTI_ClearITPendingBit                 0x08001224   Section        0  stm32f4xx_exti.o(i.EXTI_ClearITPendingBit)
    i.EXTI_GetITStatus                       0x08001230   Section        0  stm32f4xx_exti.o(i.EXTI_GetITStatus)
    i.GPIO_Init                              0x08001248   Section        0  stm32f4xx_gpio.o(i.GPIO_Init)
    i.GPIO_ToggleBits                        0x080012d8   Section        0  stm32f4xx_gpio.o(i.GPIO_ToggleBits)
    i.RCC_AHB1PeriphClockCmd                 0x080012e0   Section        0  stm32f4xx_rcc.o(i.RCC_AHB1PeriphClockCmd)
    i.RTC_Alarm_IRQHandler                   0x08001300   Section        0  rtcdriver.o(i.RTC_Alarm_IRQHandler)
    i.RTC_Bcd2ToByte                         0x0800131a   Section        0  stm32f4xx_rtc.o(i.RTC_Bcd2ToByte)
    RTC_Bcd2ToByte                           0x0800131b   Thumb Code    22  stm32f4xx_rtc.o(i.RTC_Bcd2ToByte)
    i.RTC_ByteToBcd2                         0x08001330   Section        0  stm32f4xx_rtc.o(i.RTC_ByteToBcd2)
    RTC_ByteToBcd2                           0x08001331   Thumb Code    28  stm32f4xx_rtc.o(i.RTC_ByteToBcd2)
    i.RTC_SetAlarm                           0x0800134c   Section        0  stm32f4xx_rtc.o(i.RTC_SetAlarm)
    i.SetSysClock                            0x08001438   Section        0  system_stm32f4xx.o(i.SetSysClock)
    SetSysClock                              0x08001439   Thumb Code   220  system_stm32f4xx.o(i.SetSysClock)
    i.SysTick_Handler                        0x08001524   Section        0  port.o(i.SysTick_Handler)
    i.SystemInit                             0x08001558   Section        0  system_stm32f4xx.o(i.SystemInit)
    i.TIM3_IRQHandler                        0x080015c0   Section        0  trasnceiverdriver.o(i.TIM3_IRQHandler)
    i.TIM_ClearITPendingBit                  0x080015f4   Section        0  stm32f4xx_tim.o(i.TIM_ClearITPendingBit)
    i.TIM_GetITStatus                        0x080015fa   Section        0  stm32f4xx_tim.o(i.TIM_GetITStatus)
    i.alarmTimeUpdate                        0x0800161c   Section        0  rtcdriver.o(i.alarmTimeUpdate)
    alarmTimeUpdate                          0x0800161d   Thumb Code   110  rtcdriver.o(i.alarmTimeUpdate)
    i.main                                   0x08001698   Section        0  main.o(i.main)
    i.prvAddCurrentTaskToDelayedList         0x080016d4   Section        0  tasks.o(i.prvAddCurrentTaskToDelayedList)
    prvAddCurrentTaskToDelayedList           0x080016d5   Thumb Code   124  tasks.o(i.prvAddCurrentTaskToDelayedList)
    i.prvAddNewTaskToReadyList               0x0800176c   Section        0  tasks.o(i.prvAddNewTaskToReadyList)
    prvAddNewTaskToReadyList                 0x0800176d   Thumb Code   150  tasks.o(i.prvAddNewTaskToReadyList)
    i.prvCheckForValidListAndQueue           0x08001820   Section        0  timers.o(i.prvCheckForValidListAndQueue)
    prvCheckForValidListAndQueue             0x08001821   Thumb Code    56  timers.o(i.prvCheckForValidListAndQueue)
    i.prvCheckTasksWaitingTermination        0x0800186c   Section        0  tasks.o(i.prvCheckTasksWaitingTermination)
    prvCheckTasksWaitingTermination          0x0800186d   Thumb Code    86  tasks.o(i.prvCheckTasksWaitingTermination)
    i.prvCopyDataFromQueue                   0x080018d0   Section        0  queue.o(i.prvCopyDataFromQueue)
    prvCopyDataFromQueue                     0x080018d1   Thumb Code    42  queue.o(i.prvCopyDataFromQueue)
    i.prvCopyDataToQueue                     0x080018fa   Section        0  queue.o(i.prvCopyDataToQueue)
    prvCopyDataToQueue                       0x080018fb   Thumb Code   124  queue.o(i.prvCopyDataToQueue)
    i.prvDeleteTCB                           0x08001976   Section        0  tasks.o(i.prvDeleteTCB)
    prvDeleteTCB                             0x08001977   Thumb Code    18  tasks.o(i.prvDeleteTCB)
    i.prvGetNextExpireTime                   0x08001988   Section        0  timers.o(i.prvGetNextExpireTime)
    prvGetNextExpireTime                     0x08001989   Thumb Code    36  timers.o(i.prvGetNextExpireTime)
    i.prvHeapInit                            0x080019b0   Section        0  heap_2.o(i.prvHeapInit)
    prvHeapInit                              0x080019b1   Thumb Code    42  heap_2.o(i.prvHeapInit)
    i.prvIdleTask                            0x080019e8   Section        0  tasks.o(i.prvIdleTask)
    prvIdleTask                              0x080019e9   Thumb Code    32  tasks.o(i.prvIdleTask)
    i.prvInitialiseNewQueue                  0x08001a10   Section        0  queue.o(i.prvInitialiseNewQueue)
    prvInitialiseNewQueue                    0x08001a11   Thumb Code    42  queue.o(i.prvInitialiseNewQueue)
    i.prvInitialiseNewTask                   0x08001a3a   Section        0  tasks.o(i.prvInitialiseNewTask)
    prvInitialiseNewTask                     0x08001a3b   Thumb Code   170  tasks.o(i.prvInitialiseNewTask)
    i.prvInitialiseTaskLists                 0x08001ae4   Section        0  tasks.o(i.prvInitialiseTaskLists)
    prvInitialiseTaskLists                   0x08001ae5   Thumb Code    70  tasks.o(i.prvInitialiseTaskLists)
    i.prvInsertTimerInActiveList             0x08001b4c   Section        0  timers.o(i.prvInsertTimerInActiveList)
    prvInsertTimerInActiveList               0x08001b4d   Thumb Code    80  timers.o(i.prvInsertTimerInActiveList)
    i.prvIsQueueEmpty                        0x08001ba4   Section        0  queue.o(i.prvIsQueueEmpty)
    prvIsQueueEmpty                          0x08001ba5   Thumb Code    26  queue.o(i.prvIsQueueEmpty)
    i.prvIsQueueFull                         0x08001bbe   Section        0  queue.o(i.prvIsQueueFull)
    prvIsQueueFull                           0x08001bbf   Thumb Code    30  queue.o(i.prvIsQueueFull)
    i.prvNotifyQueueSetContainer             0x08001bdc   Section        0  queue.o(i.prvNotifyQueueSetContainer)
    prvNotifyQueueSetContainer               0x08001bdd   Thumb Code   144  queue.o(i.prvNotifyQueueSetContainer)
    i.prvProcessExpiredTimer                 0x08001c6c   Section        0  timers.o(i.prvProcessExpiredTimer)
    prvProcessExpiredTimer                   0x08001c6d   Thumb Code    94  timers.o(i.prvProcessExpiredTimer)
    i.prvProcessReceivedCommands             0x08001cd0   Section        0  timers.o(i.prvProcessReceivedCommands)
    prvProcessReceivedCommands               0x08001cd1   Thumb Code   242  timers.o(i.prvProcessReceivedCommands)
    i.prvProcessTimerOrBlockTask             0x08001dc8   Section        0  timers.o(i.prvProcessTimerOrBlockTask)
    prvProcessTimerOrBlockTask               0x08001dc9   Thumb Code   102  timers.o(i.prvProcessTimerOrBlockTask)
    i.prvResetNextTaskUnblockTime            0x08001e3c   Section        0  tasks.o(i.prvResetNextTaskUnblockTime)
    prvResetNextTaskUnblockTime              0x08001e3d   Thumb Code    42  tasks.o(i.prvResetNextTaskUnblockTime)
    i.prvSampleTimeNow                       0x08001e70   Section        0  timers.o(i.prvSampleTimeNow)
    prvSampleTimeNow                         0x08001e71   Thumb Code    40  timers.o(i.prvSampleTimeNow)
    i.prvSetupLed                            0x08001e9c   Section        0  main.o(i.prvSetupLed)
    i.prvSwitchTimerLists                    0x08001ed0   Section        0  timers.o(i.prvSwitchTimerLists)
    prvSwitchTimerLists                      0x08001ed1   Thumb Code   150  timers.o(i.prvSwitchTimerLists)
    i.prvTaskExitError                       0x08001f70   Section        0  port.o(i.prvTaskExitError)
    prvTaskExitError                         0x08001f71   Thumb Code    60  port.o(i.prvTaskExitError)
    i.prvTimerTask                           0x08001fb0   Section        0  timers.o(i.prvTimerTask)
    prvTimerTask                             0x08001fb1   Thumb Code    26  timers.o(i.prvTimerTask)
    i.prvUnlockQueue                         0x08001fca   Section        0  queue.o(i.prvUnlockQueue)
    prvUnlockQueue                           0x08001fcb   Thumb Code   146  queue.o(i.prvUnlockQueue)
    i.pvPortMalloc                           0x0800205c   Section        0  heap_2.o(i.pvPortMalloc)
    i.pvTaskIncrementMutexHeldCount          0x08002114   Section        0  tasks.o(i.pvTaskIncrementMutexHeldCount)
    i.pxPortInitialiseStack                  0x08002134   Section        0  port.o(i.pxPortInitialiseStack)
    i.uxListRemove                           0x08002160   Section        0  list.o(i.uxListRemove)
    i.vLEDTask                               0x08002188   Section        0  main.o(i.vLEDTask)
    i.vListInitialise                        0x080021a8   Section        0  list.o(i.vListInitialise)
    i.vListInitialiseItem                    0x080021c2   Section        0  list.o(i.vListInitialiseItem)
    i.vListInsert                            0x080021c8   Section        0  list.o(i.vListInsert)
    i.vListInsertEnd                         0x080021fc   Section        0  list.o(i.vListInsertEnd)
    i.vPortEnterCritical                     0x08002214   Section        0  port.o(i.vPortEnterCritical)
    i.vPortExitCritical                      0x08002268   Section        0  port.o(i.vPortExitCritical)
    i.vPortFree                              0x080022a4   Section        0  heap_2.o(i.vPortFree)
    i.vPortSetupTimerInterrupt               0x080022e4   Section        0  port.o(i.vPortSetupTimerInterrupt)
    i.vPortValidateInterruptPriority         0x08002304   Section        0  port.o(i.vPortValidateInterruptPriority)
    i.vQueueWaitForMessageRestricted         0x0800237c   Section        0  queue.o(i.vQueueWaitForMessageRestricted)
    i.vTaskDelay                             0x080023c8   Section        0  tasks.o(i.vTaskDelay)
    i.vTaskMissedYield                       0x08002424   Section        0  tasks.o(i.vTaskMissedYield)
    i.vTaskPlaceOnEventList                  0x08002430   Section        0  tasks.o(i.vTaskPlaceOnEventList)
    i.vTaskPlaceOnEventListRestricted        0x08002468   Section        0  tasks.o(i.vTaskPlaceOnEventListRestricted)
    i.vTaskPriorityInherit                   0x080024a8   Section        0  tasks.o(i.vTaskPriorityInherit)
    i.vTaskSetTimeOutState                   0x08002558   Section        0  tasks.o(i.vTaskSetTimeOutState)
    i.vTaskStartScheduler                    0x08002588   Section        0  tasks.o(i.vTaskStartScheduler)
    i.vTaskSuspendAll                        0x0800261c   Section        0  tasks.o(i.vTaskSuspendAll)
    i.vTaskSwitchContext                     0x0800262c   Section        0  tasks.o(i.vTaskSwitchContext)
    i.xPortStartScheduler                    0x080026b8   Section        0  port.o(i.xPortStartScheduler)
    i.xQueueGenericCreate                    0x080027f4   Section        0  queue.o(i.xQueueGenericCreate)
    i.xQueueGenericReceive                   0x0800284c   Section        0  queue.o(i.xQueueGenericReceive)
    i.xQueueGenericReset                     0x08002a10   Section        0  queue.o(i.xQueueGenericReset)
    i.xQueueGenericSend                      0x08002aa8   Section        0  queue.o(i.xQueueGenericSend)
    i.xQueueGenericSendFromISR               0x08002c70   Section        0  queue.o(i.xQueueGenericSendFromISR)
    i.xTaskCheckForTimeOut                   0x08002d78   Section        0  tasks.o(i.xTaskCheckForTimeOut)
    i.xTaskCreate                            0x08002e04   Section        0  tasks.o(i.xTaskCreate)
    i.xTaskGetSchedulerState                 0x08002e64   Section        0  tasks.o(i.xTaskGetSchedulerState)
    i.xTaskGetTickCount                      0x08002e84   Section        0  tasks.o(i.xTaskGetTickCount)
    i.xTaskIncrementTick                     0x08002e90   Section        0  tasks.o(i.xTaskIncrementTick)
    i.xTaskPriorityDisinherit                0x08002fd8   Section        0  tasks.o(i.xTaskPriorityDisinherit)
    i.xTaskRemoveFromEventList               0x080030a0   Section        0  tasks.o(i.xTaskRemoveFromEventList)
    i.xTaskResumeAll                         0x08003138   Section        0  tasks.o(i.xTaskResumeAll)
    i.xTimerCreateTimerTask                  0x0800323c   Section        0  timers.o(i.xTimerCreateTimerTask)
    i.xTimerGenericCommand                   0x08003294   Section        0  timers.o(i.xTimerGenericCommand)
    x$fpl$dadd                               0x08003318   Section      336  daddsub_clz.o(x$fpl$dadd)
    $v0                                      0x08003318   Number         0  daddsub_clz.o(x$fpl$dadd)
    _dadd1                                   0x08003329   Thumb Code     0  daddsub_clz.o(x$fpl$dadd)
    x$fpl$ddiv                               0x08003468   Section      688  ddiv.o(x$fpl$ddiv)
    $v0                                      0x08003468   Number         0  ddiv.o(x$fpl$ddiv)
    ddiv_entry                               0x0800346f   Thumb Code     0  ddiv.o(x$fpl$ddiv)
    x$fpl$dfixu                              0x08003718   Section       90  dfixu.o(x$fpl$dfixu)
    $v0                                      0x08003718   Number         0  dfixu.o(x$fpl$dfixu)
    x$fpl$dfltu                              0x08003772   Section       38  dflt_clz.o(x$fpl$dfltu)
    $v0                                      0x08003772   Number         0  dflt_clz.o(x$fpl$dfltu)
    x$fpl$dmul                               0x08003798   Section      340  dmul.o(x$fpl$dmul)
    $v0                                      0x08003798   Number         0  dmul.o(x$fpl$dmul)
    x$fpl$dnaninf                            0x080038ec   Section      156  dnaninf.o(x$fpl$dnaninf)
    $v0                                      0x080038ec   Number         0  dnaninf.o(x$fpl$dnaninf)
    x$fpl$dretinf                            0x08003988   Section       12  dretinf.o(x$fpl$dretinf)
    $v0                                      0x08003988   Number         0  dretinf.o(x$fpl$dretinf)
    x$fpl$dsub                               0x08003994   Section      468  daddsub_clz.o(x$fpl$dsub)
    $v0                                      0x08003994   Number         0  daddsub_clz.o(x$fpl$dsub)
    _dsub1                                   0x080039a5   Thumb Code     0  daddsub_clz.o(x$fpl$dsub)
    x$fpl$f2d                                0x08003b68   Section       86  f2d.o(x$fpl$f2d)
    $v0                                      0x08003b68   Number         0  f2d.o(x$fpl$f2d)
    x$fpl$fcheck1                            0x08003bc0   Section       12  fcheck1.o(x$fpl$fcheck1)
    $v0                                      0x08003bc0   Number         0  fcheck1.o(x$fpl$fcheck1)
    x$fpl$fnaninf                            0x08003bcc   Section      140  fnaninf.o(x$fpl$fnaninf)
    $v0                                      0x08003bcc   Number         0  fnaninf.o(x$fpl$fnaninf)
    x$fpl$fpinit                             0x08003c58   Section       10  fpinit.o(x$fpl$fpinit)
    $v0                                      0x08003c58   Number         0  fpinit.o(x$fpl$fpinit)
    x$fpl$retnan                             0x08003c62   Section      100  retnan.o(x$fpl$retnan)
    $v0                                      0x08003c62   Number         0  retnan.o(x$fpl$retnan)
    x$fpl$scalbnf                            0x08003cc6   Section       76  scalbnf.o(x$fpl$scalbnf)
    $v0                                      0x08003cc6   Number         0  scalbnf.o(x$fpl$scalbnf)
    x$fpl$trapveneer                         0x08003d12   Section       48  trapv.o(x$fpl$trapveneer)
    $v0                                      0x08003d12   Number         0  trapv.o(x$fpl$trapveneer)
    x$fpl$usenofp                            0x08003d42   Section        0  usenofp.o(x$fpl$usenofp)
    .data                                    0x20000000   Section        8  trasnceiverdriver.o(.data)
    _mode                                    0x20000000   Data           1  trasnceiverdriver.o(.data)
    ackReceived                              0x20000004   Data           4  trasnceiverdriver.o(.data)
    .data                                    0x20000008   Section        8  rtcdriver.o(.data)
    alarm                                    0x20000008   Data           4  rtcdriver.o(.data)
    RTC_AlarmTime                            0x2000000c   Data           4  rtcdriver.o(.data)
    .data                                    0x20000010   Section       20  system_stm32f4xx.o(.data)
    .data                                    0x20000024   Section       24  heap_2.o(.data)
    xStart                                   0x20000024   Data           8  heap_2.o(.data)
    xEnd                                     0x2000002c   Data           8  heap_2.o(.data)
    xFreeBytesRemaining                      0x20000034   Data           4  heap_2.o(.data)
    xHeapHasBeenInitialised                  0x20000038   Data           4  heap_2.o(.data)
    .data                                    0x2000003c   Section       12  port.o(.data)
    uxCriticalNesting                        0x2000003c   Data           4  port.o(.data)
    ucMaxSysCallPriority                     0x20000040   Data           1  port.o(.data)
    ulMaxPRIGROUPValue                       0x20000044   Data           4  port.o(.data)
    .data                                    0x20000048   Section       60  tasks.o(.data)
    pxDelayedTaskList                        0x2000004c   Data           4  tasks.o(.data)
    pxOverflowDelayedTaskList                0x20000050   Data           4  tasks.o(.data)
    uxDeletedTasksWaitingCleanUp             0x20000054   Data           4  tasks.o(.data)
    uxCurrentNumberOfTasks                   0x20000058   Data           4  tasks.o(.data)
    xTickCount                               0x2000005c   Data           4  tasks.o(.data)
    uxTopReadyPriority                       0x20000060   Data           4  tasks.o(.data)
    xSchedulerRunning                        0x20000064   Data           4  tasks.o(.data)
    uxPendedTicks                            0x20000068   Data           4  tasks.o(.data)
    xYieldPending                            0x2000006c   Data           4  tasks.o(.data)
    xNumOfOverflows                          0x20000070   Data           4  tasks.o(.data)
    uxTaskNumber                             0x20000074   Data           4  tasks.o(.data)
    xNextTaskUnblockTime                     0x20000078   Data           4  tasks.o(.data)
    xIdleTaskHandle                          0x2000007c   Data           4  tasks.o(.data)
    uxSchedulerSuspended                     0x20000080   Data           4  tasks.o(.data)
    .data                                    0x20000084   Section       20  timers.o(.data)
    pxCurrentTimerList                       0x20000084   Data           4  timers.o(.data)
    pxOverflowTimerList                      0x20000088   Data           4  timers.o(.data)
    xTimerQueue                              0x2000008c   Data           4  timers.o(.data)
    xTimerTaskHandle                         0x20000090   Data           4  timers.o(.data)
    xLastTime                                0x20000094   Data           4  timers.o(.data)
    .data                                    0x20000098   Section      772  pdm_filter.o(.data)
    .bss                                     0x2000039c   Section    64624  microphonedriver.o(.bss)
    dma_init_structure                       0x2000fd9c   Data          60  microphonedriver.o(.bss)
    filter                                   0x2000fdd8   Data          52  microphonedriver.o(.bss)
    record_buffer0                           0x2000fe0c   Data         128  microphonedriver.o(.bss)
    record_buffer1                           0x2000fe8c   Data         128  microphonedriver.o(.bss)
    memory_buffer0                           0x2000ff0c   Data         128  microphonedriver.o(.bss)
    memory_buffer1                           0x2000ff8c   Data         128  microphonedriver.o(.bss)
    .bss                                     0x2001000c   Section       16  rtcdriver.o(.bss)
    RTC_AlarmStructure                       0x2001000c   Data          16  rtcdriver.o(.bss)
    .bss                                     0x2001001c   Section     4096  heap_2.o(.bss)
    ucHeap                                   0x2001001c   Data        4096  heap_2.o(.bss)
    .bss                                     0x2001101c   Section      200  tasks.o(.bss)
    pxReadyTasksLists                        0x2001101c   Data         100  tasks.o(.bss)
    xDelayedTaskList1                        0x20011080   Data          20  tasks.o(.bss)
    xDelayedTaskList2                        0x20011094   Data          20  tasks.o(.bss)
    xPendingReadyList                        0x200110a8   Data          20  tasks.o(.bss)
    xTasksWaitingTermination                 0x200110bc   Data          20  tasks.o(.bss)
    xSuspendedTaskList                       0x200110d0   Data          20  tasks.o(.bss)
    .bss                                     0x200110e4   Section       40  timers.o(.bss)
    xActiveTimerList1                        0x200110e4   Data          20  timers.o(.bss)
    xActiveTimerList2                        0x200110f8   Data          20  timers.o(.bss)
    .bss                                     0x2001110c   Section       96  libspace.o(.bss)
    HEAP                                     0x20011170   Section      512  startup_stm32f40_41xxx.o(HEAP)
    Heap_Mem                                 0x20011170   Data         512  startup_stm32f40_41xxx.o(HEAP)
    STACK                                    0x20011370   Section     1024  startup_stm32f40_41xxx.o(STACK)
    Stack_Mem                                0x20011370   Data        1024  startup_stm32f40_41xxx.o(STACK)
    __initial_sp                             0x20011770   Data           0  startup_stm32f40_41xxx.o(STACK)

    Global Symbols

    Symbol Name                              Value     Ov Type        Size  Object(Section)

    BuildAttributes$$THM_ISAv4$E$P$D$K$B$S$7EM$VFPi3$EXTD16$VFPS$VFMA$PE$A:L22UL41UL21$X:L11$S22US41US21$IEEE1$IW$USESV6$~STKCKD$USESV7$~SHL$OSPACE$ROPI$EBA8$UX$STANDARDLIB$REQ8$PRES8$EABIv2 0x00000000   Number         0  anon$$obj.o ABSOLUTE
    __ARM_use_no_argv                        0x00000000   Number         0  main.o ABSOLUTE
    __ARM_exceptions_init                     - Undefined Weak Reference
    __alloca_initialize                       - Undefined Weak Reference
    __arm_preinit_                            - Undefined Weak Reference
    __cpp_initialize__aeabi_                  - Undefined Weak Reference
    __cxa_finalize                            - Undefined Weak Reference
    __rt_locale                               - Undefined Weak Reference
    __sigvec_lookup                           - Undefined Weak Reference
    _atexit_init                              - Undefined Weak Reference
    _call_atexit_fns                          - Undefined Weak Reference
    _clock_init                               - Undefined Weak Reference
    _fp_trap_init                             - Undefined Weak Reference
    _fp_trap_shutdown                         - Undefined Weak Reference
    _get_lc_collate                           - Undefined Weak Reference
    _get_lc_ctype                             - Undefined Weak Reference
    _get_lc_monetary                          - Undefined Weak Reference
    _get_lc_numeric                           - Undefined Weak Reference
    _get_lc_time                              - Undefined Weak Reference
    _getenv_init                              - Undefined Weak Reference
    _handle_redirection                       - Undefined Weak Reference
    _init_alloc                               - Undefined Weak Reference
    _init_user_alloc                          - Undefined Weak Reference
    _initio                                   - Undefined Weak Reference
    _rand_init                                - Undefined Weak Reference
    _signal_finish                            - Undefined Weak Reference
    _signal_init                              - Undefined Weak Reference
    _terminate_alloc                          - Undefined Weak Reference
    _terminate_user_alloc                     - Undefined Weak Reference
    _terminateio                              - Undefined Weak Reference
    __Vectors_Size                           0x00000188   Number         0  startup_stm32f40_41xxx.o ABSOLUTE
    __Vectors                                0x08000000   Data           4  startup_stm32f40_41xxx.o(RESET)
    __Vectors_End                            0x08000188   Data           0  startup_stm32f40_41xxx.o(RESET)
    __main                                   0x08000189   Thumb Code     8  __main.o(!!!main)
    __scatterload                            0x08000191   Thumb Code     0  __scatter.o(!!!scatter)
    __scatterload_rt2                        0x08000191   Thumb Code    44  __scatter.o(!!!scatter)
    __scatterload_rt2_thumb_only             0x08000191   Thumb Code     0  __scatter.o(!!!scatter)
    __scatterload_null                       0x0800019f   Thumb Code     0  __scatter.o(!!!scatter)
    __decompress                             0x080001c5   Thumb Code    90  __dczerorl2.o(!!dczerorl2)
    __decompress1                            0x080001c5   Thumb Code     0  __dczerorl2.o(!!dczerorl2)
    __scatterload_zeroinit                   0x08000221   Thumb Code    28  __scatter_zi.o(!!handler_zi)
    __rt_lib_init                            0x0800023d   Thumb Code     0  libinit.o(.ARM.Collect$$libinit$$00000000)
    __rt_lib_init_fp_1                       0x0800023f   Thumb Code     0  libinit2.o(.ARM.Collect$$libinit$$00000001)
    __rt_lib_init_alloca_1                   0x08000243   Thumb Code     0  libinit2.o(.ARM.Collect$$libinit$$0000002E)
    __rt_lib_init_argv_1                     0x08000243   Thumb Code     0  libinit2.o(.ARM.Collect$$libinit$$0000002C)
    __rt_lib_init_atexit_1                   0x08000243   Thumb Code     0  libinit2.o(.ARM.Collect$$libinit$$0000001B)
    __rt_lib_init_clock_1                    0x08000243   Thumb Code     0  libinit2.o(.ARM.Collect$$libinit$$00000021)
    __rt_lib_init_cpp_1                      0x08000243   Thumb Code     0  libinit2.o(.ARM.Collect$$libinit$$00000032)
    __rt_lib_init_exceptions_1               0x08000243   Thumb Code     0  libinit2.o(.ARM.Collect$$libinit$$00000030)
    __rt_lib_init_fp_trap_1                  0x08000243   Thumb Code     0  libinit2.o(.ARM.Collect$$libinit$$0000001F)
    __rt_lib_init_getenv_1                   0x08000243   Thumb Code     0  libinit2.o(.ARM.Collect$$libinit$$00000023)
    __rt_lib_init_heap_1                     0x08000243   Thumb Code     0  libinit2.o(.ARM.Collect$$libinit$$0000000A)
    __rt_lib_init_lc_collate_1               0x08000243   Thumb Code     0  libinit2.o(.ARM.Collect$$libinit$$00000011)
    __rt_lib_init_lc_ctype_1                 0x08000243   Thumb Code     0  libinit2.o(.ARM.Collect$$libinit$$00000013)
    __rt_lib_init_lc_monetary_1              0x08000243   Thumb Code     0  libinit2.o(.ARM.Collect$$libinit$$00000015)
    __rt_lib_init_lc_numeric_1               0x08000243   Thumb Code     0  libinit2.o(.ARM.Collect$$libinit$$00000017)
    __rt_lib_init_lc_time_1                  0x08000243   Thumb Code     0  libinit2.o(.ARM.Collect$$libinit$$00000019)
    __rt_lib_init_preinit_1                  0x08000243   Thumb Code     0  libinit2.o(.ARM.Collect$$libinit$$00000004)
    __rt_lib_init_rand_1                     0x08000243   Thumb Code     0  libinit2.o(.ARM.Collect$$libinit$$0000000E)
    __rt_lib_init_return                     0x08000243   Thumb Code     0  libinit2.o(.ARM.Collect$$libinit$$00000033)
    __rt_lib_init_signal_1                   0x08000243   Thumb Code     0  libinit2.o(.ARM.Collect$$libinit$$0000001D)
    __rt_lib_init_stdio_1                    0x08000243   Thumb Code     0  libinit2.o(.ARM.Collect$$libinit$$00000025)
    __rt_lib_init_user_alloc_1               0x08000243   Thumb Code     0  libinit2.o(.ARM.Collect$$libinit$$0000000C)
    __rt_lib_shutdown                        0x08000245   Thumb Code     0  libshutdown.o(.ARM.Collect$$libshutdown$$00000000)
    __rt_lib_shutdown_cpp_1                  0x08000247   Thumb Code     0  libshutdown2.o(.ARM.Collect$$libshutdown$$00000002)
    __rt_lib_shutdown_fp_trap_1              0x08000247   Thumb Code     0  libshutdown2.o(.ARM.Collect$$libshutdown$$00000007)
    __rt_lib_shutdown_heap_1                 0x08000247   Thumb Code     0  libshutdown2.o(.ARM.Collect$$libshutdown$$0000000F)
    __rt_lib_shutdown_return                 0x08000247   Thumb Code     0  libshutdown2.o(.ARM.Collect$$libshutdown$$00000010)
    __rt_lib_shutdown_signal_1               0x08000247   Thumb Code     0  libshutdown2.o(.ARM.Collect$$libshutdown$$0000000A)
    __rt_lib_shutdown_stdio_1                0x08000247   Thumb Code     0  libshutdown2.o(.ARM.Collect$$libshutdown$$00000004)
    __rt_lib_shutdown_user_alloc_1           0x08000247   Thumb Code     0  libshutdown2.o(.ARM.Collect$$libshutdown$$0000000C)
    __rt_entry                               0x08000249   Thumb Code     0  __rtentry.o(.ARM.Collect$$rtentry$$00000000)
    __rt_entry_presh_1                       0x08000249   Thumb Code     0  __rtentry2.o(.ARM.Collect$$rtentry$$00000002)
    __rt_entry_sh                            0x08000249   Thumb Code     0  __rtentry4.o(.ARM.Collect$$rtentry$$00000004)
    __rt_entry_li                            0x0800024f   Thumb Code     0  __rtentry2.o(.ARM.Collect$$rtentry$$0000000A)
    __rt_entry_postsh_1                      0x0800024f   Thumb Code     0  __rtentry2.o(.ARM.Collect$$rtentry$$00000009)
    __rt_entry_main                          0x08000253   Thumb Code     0  __rtentry2.o(.ARM.Collect$$rtentry$$0000000D)
    __rt_entry_postli_1                      0x08000253   Thumb Code     0  __rtentry2.o(.ARM.Collect$$rtentry$$0000000C)
    __rt_exit                                0x0800025b   Thumb Code     0  rtexit.o(.ARM.Collect$$rtexit$$00000000)
    __rt_exit_ls                             0x0800025d   Thumb Code     0  rtexit2.o(.ARM.Collect$$rtexit$$00000003)
    __rt_exit_prels_1                        0x0800025d   Thumb Code     0  rtexit2.o(.ARM.Collect$$rtexit$$00000002)
    __rt_exit_exit                           0x08000261   Thumb Code     0  rtexit2.o(.ARM.Collect$$rtexit$$00000004)
    SVC_Handler                              0x08000269   Thumb Code    28  port.o(.emb_text)
    __asm___6_port_c_39a90d8d__prvStartFirstTask 0x08000289   Thumb Code    28  port.o(.emb_text)
    __asm___6_port_c_39a90d8d__prvEnableVFP  0x080002a9   Thumb Code    16  port.o(.emb_text)
    PendSV_Handler                           0x080002bd   Thumb Code    88  port.o(.emb_text)
    vPortGetIPSR                             0x08000319   Thumb Code     6  port.o(.emb_text)
    Reset_Handler                            0x08000321   Thumb Code     8  startup_stm32f40_41xxx.o(.text)
    NMI_Handler                              0x08000329   Thumb Code     2  startup_stm32f40_41xxx.o(.text)
    HardFault_Handler                        0x0800032b   Thumb Code     2  startup_stm32f40_41xxx.o(.text)
    MemManage_Handler                        0x0800032d   Thumb Code     2  startup_stm32f40_41xxx.o(.text)
    BusFault_Handler                         0x0800032f   Thumb Code     2  startup_stm32f40_41xxx.o(.text)
    UsageFault_Handler                       0x08000331   Thumb Code     2  startup_stm32f40_41xxx.o(.text)
    DebugMon_Handler                         0x08000335   Thumb Code     2  startup_stm32f40_41xxx.o(.text)
    ADC_IRQHandler                           0x0800033b   Thumb Code     0  startup_stm32f40_41xxx.o(.text)
    CAN1_RX0_IRQHandler                      0x0800033b   Thumb Code     0  startup_stm32f40_41xxx.o(.text)
    CAN1_RX1_IRQHandler                      0x0800033b   Thumb Code     0  startup_stm32f40_41xxx.o(.text)
    CAN1_SCE_IRQHandler                      0x0800033b   Thumb Code     0  startup_stm32f40_41xxx.o(.text)
    CAN1_TX_IRQHandler                       0x0800033b   Thumb Code     0  startup_stm32f40_41xxx.o(.text)
    CAN2_RX0_IRQHandler                      0x0800033b   Thumb Code     0  startup_stm32f40_41xxx.o(.text)
    CAN2_RX1_IRQHandler                      0x0800033b   Thumb Code     0  startup_stm32f40_41xxx.o(.text)
    CAN2_SCE_IRQHandler                      0x0800033b   Thumb Code     0  startup_stm32f40_41xxx.o(.text)
    CAN2_TX_IRQHandler                       0x0800033b   Thumb Code     0  startup_stm32f40_41xxx.o(.text)
    CRYP_IRQHandler                          0x0800033b   Thumb Code     0  startup_stm32f40_41xxx.o(.text)
    DCMI_IRQHandler                          0x0800033b   Thumb Code     0  startup_stm32f40_41xxx.o(.text)
    DMA1_Stream0_IRQHandler                  0x0800033b   Thumb Code     0  startup_stm32f40_41xxx.o(.text)
    DMA1_Stream1_IRQHandler                  0x0800033b   Thumb Code     0  startup_stm32f40_41xxx.o(.text)
    DMA1_Stream2_IRQHandler                  0x0800033b   Thumb Code     0  startup_stm32f40_41xxx.o(.text)
    DMA1_Stream4_IRQHandler                  0x0800033b   Thumb Code     0  startup_stm32f40_41xxx.o(.text)
    DMA1_Stream5_IRQHandler                  0x0800033b   Thumb Code     0  startup_stm32f40_41xxx.o(.text)
    DMA1_Stream6_IRQHandler                  0x0800033b   Thumb Code     0  startup_stm32f40_41xxx.o(.text)
    DMA1_Stream7_IRQHandler                  0x0800033b   Thumb Code     0  startup_stm32f40_41xxx.o(.text)
    DMA2_Stream0_IRQHandler                  0x0800033b   Thumb Code     0  startup_stm32f40_41xxx.o(.text)
    DMA2_Stream1_IRQHandler                  0x0800033b   Thumb Code     0  startup_stm32f40_41xxx.o(.text)
    DMA2_Stream2_IRQHandler                  0x0800033b   Thumb Code     0  startup_stm32f40_41xxx.o(.text)
    DMA2_Stream3_IRQHandler                  0x0800033b   Thumb Code     0  startup_stm32f40_41xxx.o(.text)
    DMA2_Stream4_IRQHandler                  0x0800033b   Thumb Code     0  startup_stm32f40_41xxx.o(.text)
    DMA2_Stream5_IRQHandler                  0x0800033b   Thumb Code     0  startup_stm32f40_41xxx.o(.text)
    DMA2_Stream6_IRQHandler                  0x0800033b   Thumb Code     0  startup_stm32f40_41xxx.o(.text)
    DMA2_Stream7_IRQHandler                  0x0800033b   Thumb Code     0  startup_stm32f40_41xxx.o(.text)
    ETH_IRQHandler                           0x0800033b   Thumb Code     0  startup_stm32f40_41xxx.o(.text)
    ETH_WKUP_IRQHandler                      0x0800033b   Thumb Code     0  startup_stm32f40_41xxx.o(.text)
    EXTI1_IRQHandler                         0x0800033b   Thumb Code     0  startup_stm32f40_41xxx.o(.text)
    EXTI2_IRQHandler                         0x0800033b   Thumb Code     0  startup_stm32f40_41xxx.o(.text)
    EXTI3_IRQHandler                         0x0800033b   Thumb Code     0  startup_stm32f40_41xxx.o(.text)
    EXTI4_IRQHandler                         0x0800033b   Thumb Code     0  startup_stm32f40_41xxx.o(.text)
    EXTI9_5_IRQHandler                       0x0800033b   Thumb Code     0  startup_stm32f40_41xxx.o(.text)
    FLASH_IRQHandler                         0x0800033b   Thumb Code     0  startup_stm32f40_41xxx.o(.text)
    FPU_IRQHandler                           0x0800033b   Thumb Code     0  startup_stm32f40_41xxx.o(.text)
    FSMC_IRQHandler                          0x0800033b   Thumb Code     0  startup_stm32f40_41xxx.o(.text)
    HASH_RNG_IRQHandler                      0x0800033b   Thumb Code     0  startup_stm32f40_41xxx.o(.text)
    I2C1_ER_IRQHandler                       0x0800033b   Thumb Code     0  startup_stm32f40_41xxx.o(.text)
    I2C1_EV_IRQHandler                       0x0800033b   Thumb Code     0  startup_stm32f40_41xxx.o(.text)
    I2C2_ER_IRQHandler                       0x0800033b   Thumb Code     0  startup_stm32f40_41xxx.o(.text)
    I2C2_EV_IRQHandler                       0x0800033b   Thumb Code     0  startup_stm32f40_41xxx.o(.text)
    I2C3_ER_IRQHandler                       0x0800033b   Thumb Code     0  startup_stm32f40_41xxx.o(.text)
    I2C3_EV_IRQHandler                       0x0800033b   Thumb Code     0  startup_stm32f40_41xxx.o(.text)
    OTG_FS_IRQHandler                        0x0800033b   Thumb Code     0  startup_stm32f40_41xxx.o(.text)
    OTG_FS_WKUP_IRQHandler                   0x0800033b   Thumb Code     0  startup_stm32f40_41xxx.o(.text)
    OTG_HS_EP1_IN_IRQHandler                 0x0800033b   Thumb Code     0  startup_stm32f40_41xxx.o(.text)
    OTG_HS_EP1_OUT_IRQHandler                0x0800033b   Thumb Code     0  startup_stm32f40_41xxx.o(.text)
    OTG_HS_IRQHandler                        0x0800033b   Thumb Code     0  startup_stm32f40_41xxx.o(.text)
    OTG_HS_WKUP_IRQHandler                   0x0800033b   Thumb Code     0  startup_stm32f40_41xxx.o(.text)
    PVD_IRQHandler                           0x0800033b   Thumb Code     0  startup_stm32f40_41xxx.o(.text)
    RCC_IRQHandler                           0x0800033b   Thumb Code     0  startup_stm32f40_41xxx.o(.text)
    RTC_WKUP_IRQHandler                      0x0800033b   Thumb Code     0  startup_stm32f40_41xxx.o(.text)
    SDIO_IRQHandler                          0x0800033b   Thumb Code     0  startup_stm32f40_41xxx.o(.text)
    SPI1_IRQHandler                          0x0800033b   Thumb Code     0  startup_stm32f40_41xxx.o(.text)
    SPI2_IRQHandler                          0x0800033b   Thumb Code     0  startup_stm32f40_41xxx.o(.text)
    SPI3_IRQHandler                          0x0800033b   Thumb Code     0  startup_stm32f40_41xxx.o(.text)
    TAMP_STAMP_IRQHandler                    0x0800033b   Thumb Code     0  startup_stm32f40_41xxx.o(.text)
    TIM1_BRK_TIM9_IRQHandler                 0x0800033b   Thumb Code     0  startup_stm32f40_41xxx.o(.text)
    TIM1_CC_IRQHandler                       0x0800033b   Thumb Code     0  startup_stm32f40_41xxx.o(.text)
    TIM1_TRG_COM_TIM11_IRQHandler            0x0800033b   Thumb Code     0  startup_stm32f40_41xxx.o(.text)
    TIM1_UP_TIM10_IRQHandler                 0x0800033b   Thumb Code     0  startup_stm32f40_41xxx.o(.text)
    TIM2_IRQHandler                          0x0800033b   Thumb Code     0  startup_stm32f40_41xxx.o(.text)
    TIM4_IRQHandler                          0x0800033b   Thumb Code     0  startup_stm32f40_41xxx.o(.text)
    TIM5_IRQHandler                          0x0800033b   Thumb Code     0  startup_stm32f40_41xxx.o(.text)
    TIM6_DAC_IRQHandler                      0x0800033b   Thumb Code     0  startup_stm32f40_41xxx.o(.text)
    TIM7_IRQHandler                          0x0800033b   Thumb Code     0  startup_stm32f40_41xxx.o(.text)
    TIM8_BRK_TIM12_IRQHandler                0x0800033b   Thumb Code     0  startup_stm32f40_41xxx.o(.text)
    TIM8_CC_IRQHandler                       0x0800033b   Thumb Code     0  startup_stm32f40_41xxx.o(.text)
    TIM8_TRG_COM_TIM14_IRQHandler            0x0800033b   Thumb Code     0  startup_stm32f40_41xxx.o(.text)
    TIM8_UP_TIM13_IRQHandler                 0x0800033b   Thumb Code     0  startup_stm32f40_41xxx.o(.text)
    UART4_IRQHandler                         0x0800033b   Thumb Code     0  startup_stm32f40_41xxx.o(.text)
    UART5_IRQHandler                         0x0800033b   Thumb Code     0  startup_stm32f40_41xxx.o(.text)
    USART1_IRQHandler                        0x0800033b   Thumb Code     0  startup_stm32f40_41xxx.o(.text)
    USART2_IRQHandler                        0x0800033b   Thumb Code     0  startup_stm32f40_41xxx.o(.text)
    USART3_IRQHandler                        0x0800033b   Thumb Code     0  startup_stm32f40_41xxx.o(.text)
    USART6_IRQHandler                        0x0800033b   Thumb Code     0  startup_stm32f40_41xxx.o(.text)
    WWDG_IRQHandler                          0x0800033b   Thumb Code     0  startup_stm32f40_41xxx.o(.text)
    __user_initial_stackheap                 0x0800033d   Thumb Code     0  startup_stm32f40_41xxx.o(.text)
    PDM_Filter_Init                          0x08000361   Thumb Code   222  pdm_filter.o(.text)
    PDM_Filter_64_LSB                        0x0800043f   Thumb Code   660  pdm_filter.o(.text)
    PDM_Filter_80_LSB                        0x080006d3   Thumb Code   692  pdm_filter.o(.text)
    PDM_Filter_64_MSB                        0x08000987   Thumb Code   658  pdm_filter.o(.text)
    PDM_Filter_80_MSB                        0x08000c19   Thumb Code   830  pdm_filter.o(.text)
    __aeabi_memcpy                           0x08000f5d   Thumb Code     0  rt_memcpy_v6.o(.text)
    __rt_memcpy                              0x08000f5d   Thumb Code   138  rt_memcpy_v6.o(.text)
    _memcpy_lastbytes                        0x08000fc3   Thumb Code     0  rt_memcpy_v6.o(.text)
    __aeabi_memcpy4                          0x08000fe7   Thumb Code     0  rt_memcpy_w.o(.text)
    __aeabi_memcpy8                          0x08000fe7   Thumb Code     0  rt_memcpy_w.o(.text)
    __rt_memcpy_w                            0x08000fe7   Thumb Code   100  rt_memcpy_w.o(.text)
    _memcpy_lastbytes_aligned                0x0800102f   Thumb Code     0  rt_memcpy_w.o(.text)
    __use_two_region_memory                  0x0800104b   Thumb Code     2  heapauxi.o(.text)
    __rt_heap_escrow$2region                 0x0800104d   Thumb Code     2  heapauxi.o(.text)
    __rt_heap_expand$2region                 0x0800104f   Thumb Code     2  heapauxi.o(.text)
    __user_setup_stackheap                   0x08001051   Thumb Code    74  sys_stackheap_outer.o(.text)
    exit                                     0x0800109b   Thumb Code    18  exit.o(.text)
    __user_libspace                          0x080010ad   Thumb Code     8  libspace.o(.text)
    __user_perproc_libspace                  0x080010ad   Thumb Code     0  libspace.o(.text)
    __user_perthread_libspace                0x080010ad   Thumb Code     0  libspace.o(.text)
    _sys_exit                                0x080010b5   Thumb Code     8  sys_exit.o(.text)
    __I$use$semihosting                      0x080010c1   Thumb Code     0  use_no_semi.o(.text)
    __use_no_semihosting_swi                 0x080010c1   Thumb Code     2  use_no_semi.o(.text)
    __semihosting_library_function           0x080010c3   Thumb Code     0  indicate_semi.o(.text)
    DMA1_Stream3_IRQHandler                  0x080010c5   Thumb Code   134  microphonedriver.o(i.DMA1_Stream3_IRQHandler)
    DMA_ClearFlag                            0x08001165   Thumb Code    38  stm32f4xx_dma.o(i.DMA_ClearFlag)
    DMA_GetCurrentMemoryTarget               0x08001199   Thumb Code    20  stm32f4xx_dma.o(i.DMA_GetCurrentMemoryTarget)
    DMA_GetFlagStatus                        0x080011ad   Thumb Code    54  stm32f4xx_dma.o(i.DMA_GetFlagStatus)
    EXTI0_IRQHandler                         0x080011f1   Thumb Code    18  pushbuttondriver.o(i.EXTI0_IRQHandler)
    EXTI15_10_IRQHandler                     0x08001205   Thumb Code    26  trasnceiverdriver.o(i.EXTI15_10_IRQHandler)
    EXTI_ClearITPendingBit                   0x08001225   Thumb Code     6  stm32f4xx_exti.o(i.EXTI_ClearITPendingBit)
    EXTI_GetITStatus                         0x08001231   Thumb Code    20  stm32f4xx_exti.o(i.EXTI_GetITStatus)
    GPIO_Init                                0x08001249   Thumb Code   144  stm32f4xx_gpio.o(i.GPIO_Init)
    GPIO_ToggleBits                          0x080012d9   Thumb Code     8  stm32f4xx_gpio.o(i.GPIO_ToggleBits)
    RCC_AHB1PeriphClockCmd                   0x080012e1   Thumb Code    26  stm32f4xx_rcc.o(i.RCC_AHB1PeriphClockCmd)
    RTC_Alarm_IRQHandler                     0x08001301   Thumb Code    26  rtcdriver.o(i.RTC_Alarm_IRQHandler)
    RTC_SetAlarm                             0x0800134d   Thumb Code   230  stm32f4xx_rtc.o(i.RTC_SetAlarm)
    SysTick_Handler                          0x08001525   Thumb Code    46  port.o(i.SysTick_Handler)
    SystemInit                               0x08001559   Thumb Code    88  system_stm32f4xx.o(i.SystemInit)
    TIM3_IRQHandler                          0x080015c1   Thumb Code    38  trasnceiverdriver.o(i.TIM3_IRQHandler)
    TIM_ClearITPendingBit                    0x080015f5   Thumb Code     6  stm32f4xx_tim.o(i.TIM_ClearITPendingBit)
    TIM_GetITStatus                          0x080015fb   Thumb Code    34  stm32f4xx_tim.o(i.TIM_GetITStatus)
    main                                     0x08001699   Thumb Code    44  main.o(i.main)
    prvSetupLed                              0x08001e9d   Thumb Code    46  main.o(i.prvSetupLed)
    pvPortMalloc                             0x0800205d   Thumb Code   166  heap_2.o(i.pvPortMalloc)
    pvTaskIncrementMutexHeldCount            0x08002115   Thumb Code    26  tasks.o(i.pvTaskIncrementMutexHeldCount)
    pxPortInitialiseStack                    0x08002135   Thumb Code    38  port.o(i.pxPortInitialiseStack)
    uxListRemove                             0x08002161   Thumb Code    40  list.o(i.uxListRemove)
    vLEDTask                                 0x08002189   Thumb Code    26  main.o(i.vLEDTask)
    vListInitialise                          0x080021a9   Thumb Code    26  list.o(i.vListInitialise)
    vListInitialiseItem                      0x080021c3   Thumb Code     6  list.o(i.vListInitialiseItem)
    vListInsert                              0x080021c9   Thumb Code    52  list.o(i.vListInsert)
    vListInsertEnd                           0x080021fd   Thumb Code    24  list.o(i.vListInsertEnd)
    vPortEnterCritical                       0x08002215   Thumb Code    76  port.o(i.vPortEnterCritical)
    vPortExitCritical                        0x08002269   Thumb Code    56  port.o(i.vPortExitCritical)
    vPortFree                                0x080022a5   Thumb Code    56  heap_2.o(i.vPortFree)
    vPortSetupTimerInterrupt                 0x080022e5   Thumb Code    26  port.o(i.vPortSetupTimerInterrupt)
    vPortValidateInterruptPriority           0x08002305   Thumb Code   106  port.o(i.vPortValidateInterruptPriority)
    vQueueWaitForMessageRestricted           0x0800237d   Thumb Code    74  queue.o(i.vQueueWaitForMessageRestricted)
    vTaskDelay                               0x080023c9   Thumb Code    82  tasks.o(i.vTaskDelay)
    vTaskMissedYield                         0x08002425   Thumb Code     8  tasks.o(i.vTaskMissedYield)
    vTaskPlaceOnEventList                    0x08002431   Thumb Code    52  tasks.o(i.vTaskPlaceOnEventList)
    vTaskPlaceOnEventListRestricted          0x08002469   Thumb Code    60  tasks.o(i.vTaskPlaceOnEventListRestricted)
    vTaskPriorityInherit                     0x080024a9   Thumb Code   164  tasks.o(i.vTaskPriorityInherit)
    vTaskSetTimeOutState                     0x08002559   Thumb Code    38  tasks.o(i.vTaskSetTimeOutState)
    vTaskStartScheduler                      0x08002589   Thumb Code   118  tasks.o(i.vTaskStartScheduler)
    vTaskSuspendAll                          0x0800261d   Thumb Code    12  tasks.o(i.vTaskSuspendAll)
    vTaskSwitchContext                       0x0800262d   Thumb Code   118  tasks.o(i.vTaskSwitchContext)
    xPortStartScheduler                      0x080026b9   Thumb Code   288  port.o(i.xPortStartScheduler)
    xQueueGenericCreate                      0x080027f5   Thumb Code    88  queue.o(i.xQueueGenericCreate)
    xQueueGenericReceive                     0x0800284d   Thumb Code   446  queue.o(i.xQueueGenericReceive)
    xQueueGenericReset                       0x08002a11   Thumb Code   146  queue.o(i.xQueueGenericReset)
    xQueueGenericSend                        0x08002aa9   Thumb Code   452  queue.o(i.xQueueGenericSend)
    xQueueGenericSendFromISR                 0x08002c71   Thumb Code   264  queue.o(i.xQueueGenericSendFromISR)
    xTaskCheckForTimeOut                     0x08002d79   Thumb Code   132  tasks.o(i.xTaskCheckForTimeOut)
    xTaskCreate                              0x08002e05   Thumb Code    96  tasks.o(i.xTaskCreate)
    xTaskGetSchedulerState                   0x08002e65   Thumb Code    24  tasks.o(i.xTaskGetSchedulerState)
    xTaskGetTickCount                        0x08002e85   Thumb Code     6  tasks.o(i.xTaskGetTickCount)
    xTaskIncrementTick                       0x08002e91   Thumb Code   282  tasks.o(i.xTaskIncrementTick)
    xTaskPriorityDisinherit                  0x08002fd9   Thumb Code   188  tasks.o(i.xTaskPriorityDisinherit)
    xTaskRemoveFromEventList                 0x080030a1   Thumb Code   128  tasks.o(i.xTaskRemoveFromEventList)
    xTaskResumeAll                           0x08003139   Thumb Code   224  tasks.o(i.xTaskResumeAll)
    xTimerCreateTimerTask                    0x0800323d   Thumb Code    66  timers.o(i.xTimerCreateTimerTask)
    xTimerGenericCommand                     0x08003295   Thumb Code   126  timers.o(i.xTimerGenericCommand)
    __aeabi_dadd                             0x08003319   Thumb Code     0  daddsub_clz.o(x$fpl$dadd)
    _dadd                                    0x08003319   Thumb Code   332  daddsub_clz.o(x$fpl$dadd)
    __aeabi_ddiv                             0x08003469   Thumb Code     0  ddiv.o(x$fpl$ddiv)
    _ddiv                                    0x08003469   Thumb Code   552  ddiv.o(x$fpl$ddiv)
    __aeabi_d2uiz                            0x08003719   Thumb Code     0  dfixu.o(x$fpl$dfixu)
    _dfixu                                   0x08003719   Thumb Code    90  dfixu.o(x$fpl$dfixu)
    __aeabi_ui2d                             0x08003773   Thumb Code     0  dflt_clz.o(x$fpl$dfltu)
    _dfltu                                   0x08003773   Thumb Code    38  dflt_clz.o(x$fpl$dfltu)
    __aeabi_dmul                             0x08003799   Thumb Code     0  dmul.o(x$fpl$dmul)
    _dmul                                    0x08003799   Thumb Code   332  dmul.o(x$fpl$dmul)
    __fpl_dnaninf                            0x080038ed   Thumb Code   156  dnaninf.o(x$fpl$dnaninf)
    __fpl_dretinf                            0x08003989   Thumb Code    12  dretinf.o(x$fpl$dretinf)
    __aeabi_dsub                             0x08003995   Thumb Code     0  daddsub_clz.o(x$fpl$dsub)
    _dsub                                    0x08003995   Thumb Code   464  daddsub_clz.o(x$fpl$dsub)
    __aeabi_f2d                              0x08003b69   Thumb Code     0  f2d.o(x$fpl$f2d)
    _f2d                                     0x08003b69   Thumb Code    86  f2d.o(x$fpl$f2d)
    __fpl_fcheck_NaN1                        0x08003bc1   Thumb Code     6  fcheck1.o(x$fpl$fcheck1)
    __fpl_fnaninf                            0x08003bcd   Thumb Code   140  fnaninf.o(x$fpl$fnaninf)
    _fp_init                                 0x08003c59   Thumb Code    10  fpinit.o(x$fpl$fpinit)
    __fplib_config_fpu_vfp                   0x08003c61   Thumb Code     0  fpinit.o(x$fpl$fpinit)
    __fplib_config_pureend_doubles           0x08003c61   Thumb Code     0  fpinit.o(x$fpl$fpinit)
    __fpl_return_NaN                         0x08003c63   Thumb Code   100  retnan.o(x$fpl$retnan)
    __ARM_scalbnf                            0x08003cc7   Thumb Code    76  scalbnf.o(x$fpl$scalbnf)
    __fpl_cmpreturn                          0x08003d13   Thumb Code    48  trapv.o(x$fpl$trapveneer)
    __I$use$fp                               0x08003d42   Number         0  usenofp.o(x$fpl$usenofp)
    Region$$Table$$Base                      0x08003d44   Number         0  anon$$obj.o(Region$$Table)
    Region$$Table$$Limit                     0x08003d64   Number         0  anon$$obj.o(Region$$Table)
    SystemCoreClock                          0x20000010   Data           4  system_stm32f4xx.o(.data)
    AHBPrescTable                            0x20000014   Data          16  system_stm32f4xx.o(.data)
    pxCurrentTCB                             0x20000048   Data           4  tasks.o(.data)
    stm32_crc                                0x20000098   Data           4  pdm_filter.o(.data)
    T0                                       0x2000009c   Data         256  pdm_filter.o(.data)
    T1                                       0x2000019c   Data         256  pdm_filter.o(.data)
    T2                                       0x2000029c   Data         256  pdm_filter.o(.data)
    recordData                               0x2000039c   Data       64000  microphonedriver.o(.bss)
    __libspace_start                         0x2001110c   Data          96  libspace.o(.bss)
    __temporary_stack_top$libspace           0x2001116c   Data           0  libspace.o(.bss)



==============================================================================

Memory Map of the image

  Image Entry point : 0x08000321

  Load Region LR_1 (Base: 0x08000000, Size: 0x00004100, Max: 0xffffffff, ABSOLUTE, COMPRESSED[0x00003f90])

    Execution Region ER_RO (Exec base: 0x08000000, Load base: 0x08000000, Size: 0x00003d64, Max: 0xffffffff, ABSOLUTE)

    Exec Addr    Load Addr    Size         Type   Attr      Idx    E Section Name        Object

    0x08000000   0x08000000   0x00000188   Data   RO         2843    RESET               startup_stm32f40_41xxx.o
    0x08000188   0x08000188   0x00000008   Code   RO         3735  * !!!main             c_w.l(__main.o)
    0x08000190   0x08000190   0x00000034   Code   RO         3933    !!!scatter          c_w.l(__scatter.o)
    0x080001c4   0x080001c4   0x0000005a   Code   RO         3931    !!dczerorl2         c_w.l(__dczerorl2.o)
    0x0800021e   0x0800021e   0x00000002   PAD
    0x08000220   0x08000220   0x0000001c   Code   RO         3935    !!handler_zi        c_w.l(__scatter_zi.o)
    0x0800023c   0x0800023c   0x00000002   Code   RO         3799    .ARM.Collect$$libinit$$00000000  c_w.l(libinit.o)
    0x0800023e   0x0800023e   0x00000004   Code   RO         3807    .ARM.Collect$$libinit$$00000001  c_w.l(libinit2.o)
    0x08000242   0x08000242   0x00000000   Code   RO         3810    .ARM.Collect$$libinit$$00000004  c_w.l(libinit2.o)
    0x08000242   0x08000242   0x00000000   Code   RO         3813    .ARM.Collect$$libinit$$0000000A  c_w.l(libinit2.o)
    0x08000242   0x08000242   0x00000000   Code   RO         3815    .ARM.Collect$$libinit$$0000000C  c_w.l(libinit2.o)
    0x08000242   0x08000242   0x00000000   Code   RO         3817    .ARM.Collect$$libinit$$0000000E  c_w.l(libinit2.o)
    0x08000242   0x08000242   0x00000000   Code   RO         3820    .ARM.Collect$$libinit$$00000011  c_w.l(libinit2.o)
    0x08000242   0x08000242   0x00000000   Code   RO         3822    .ARM.Collect$$libinit$$00000013  c_w.l(libinit2.o)
    0x08000242   0x08000242   0x00000000   Code   RO         3824    .ARM.Collect$$libinit$$00000015  c_w.l(libinit2.o)
    0x08000242   0x08000242   0x00000000   Code   RO         3826    .ARM.Collect$$libinit$$00000017  c_w.l(libinit2.o)
    0x08000242   0x08000242   0x00000000   Code   RO         3828    .ARM.Collect$$libinit$$00000019  c_w.l(libinit2.o)
    0x08000242   0x08000242   0x00000000   Code   RO         3830    .ARM.Collect$$libinit$$0000001B  c_w.l(libinit2.o)
    0x08000242   0x08000242   0x00000000   Code   RO         3832    .ARM.Collect$$libinit$$0000001D  c_w.l(libinit2.o)
    0x08000242   0x08000242   0x00000000   Code   RO         3834    .ARM.Collect$$libinit$$0000001F  c_w.l(libinit2.o)
    0x08000242   0x08000242   0x00000000   Code   RO         3836    .ARM.Collect$$libinit$$00000021  c_w.l(libinit2.o)
    0x08000242   0x08000242   0x00000000   Code   RO         3838    .ARM.Collect$$libinit$$00000023  c_w.l(libinit2.o)
    0x08000242   0x08000242   0x00000000   Code   RO         3840    .ARM.Collect$$libinit$$00000025  c_w.l(libinit2.o)
    0x08000242   0x08000242   0x00000000   Code   RO         3844    .ARM.Collect$$libinit$$0000002C  c_w.l(libinit2.o)
    0x08000242   0x08000242   0x00000000   Code   RO         3846    .ARM.Collect$$libinit$$0000002E  c_w.l(libinit2.o)
    0x08000242   0x08000242   0x00000000   Code   RO         3848    .ARM.Collect$$libinit$$00000030  c_w.l(libinit2.o)
    0x08000242   0x08000242   0x00000000   Code   RO         3850    .ARM.Collect$$libinit$$00000032  c_w.l(libinit2.o)
    0x08000242   0x08000242   0x00000002   Code   RO         3851    .ARM.Collect$$libinit$$00000033  c_w.l(libinit2.o)
    0x08000244   0x08000244   0x00000002   Code   RO         3871    .ARM.Collect$$libshutdown$$00000000  c_w.l(libshutdown.o)
    0x08000246   0x08000246   0x00000000   Code   RO         3884    .ARM.Collect$$libshutdown$$00000002  c_w.l(libshutdown2.o)
    0x08000246   0x08000246   0x00000000   Code   RO         3886    .ARM.Collect$$libshutdown$$00000004  c_w.l(libshutdown2.o)
    0x08000246   0x08000246   0x00000000   Code   RO         3889    .ARM.Collect$$libshutdown$$00000007  c_w.l(libshutdown2.o)
    0x08000246   0x08000246   0x00000000   Code   RO         3892    .ARM.Collect$$libshutdown$$0000000A  c_w.l(libshutdown2.o)
    0x08000246   0x08000246   0x00000000   Code   RO         3894    .ARM.Collect$$libshutdown$$0000000C  c_w.l(libshutdown2.o)
    0x08000246   0x08000246   0x00000000   Code   RO         3897    .ARM.Collect$$libshutdown$$0000000F  c_w.l(libshutdown2.o)
    0x08000246   0x08000246   0x00000002   Code   RO         3898    .ARM.Collect$$libshutdown$$00000010  c_w.l(libshutdown2.o)
    0x08000248   0x08000248   0x00000000   Code   RO         3763    .ARM.Collect$$rtentry$$00000000  c_w.l(__rtentry.o)
    0x08000248   0x08000248   0x00000000   Code   RO         3774    .ARM.Collect$$rtentry$$00000002  c_w.l(__rtentry2.o)
    0x08000248   0x08000248   0x00000006   Code   RO         3786    .ARM.Collect$$rtentry$$00000004  c_w.l(__rtentry4.o)
    0x0800024e   0x0800024e   0x00000000   Code   RO         3776    .ARM.Collect$$rtentry$$00000009  c_w.l(__rtentry2.o)
    0x0800024e   0x0800024e   0x00000004   Code   RO         3777    .ARM.Collect$$rtentry$$0000000A  c_w.l(__rtentry2.o)
    0x08000252   0x08000252   0x00000000   Code   RO         3779    .ARM.Collect$$rtentry$$0000000C  c_w.l(__rtentry2.o)
    0x08000252   0x08000252   0x00000008   Code   RO         3780    .ARM.Collect$$rtentry$$0000000D  c_w.l(__rtentry2.o)
    0x0800025a   0x0800025a   0x00000002   Code   RO         3805    .ARM.Collect$$rtexit$$00000000  c_w.l(rtexit.o)
    0x0800025c   0x0800025c   0x00000000   Code   RO         3853    .ARM.Collect$$rtexit$$00000002  c_w.l(rtexit2.o)
    0x0800025c   0x0800025c   0x00000004   Code   RO         3854    .ARM.Collect$$rtexit$$00000003  c_w.l(rtexit2.o)
    0x08000260   0x08000260   0x00000006   Code   RO         3855    .ARM.Collect$$rtexit$$00000004  c_w.l(rtexit2.o)
    0x08000266   0x08000266   0x00000002   PAD
    0x08000268   0x08000268   0x000000b6   Code   RO         3008    .emb_text           port.o
    0x0800031e   0x0800031e   0x00000002   PAD
    0x08000320   0x08000320   0x00000040   Code   RO         2844  * .text               startup_stm32f40_41xxx.o
    0x08000360   0x08000360   0x00000bfc   Code   RO         3722    .text               libPDMFilter_Keil.lib(pdm_filter.o)
    0x08000f5c   0x08000f5c   0x0000008a   Code   RO         3729    .text               c_w.l(rt_memcpy_v6.o)
    0x08000fe6   0x08000fe6   0x00000064   Code   RO         3731    .text               c_w.l(rt_memcpy_w.o)
    0x0800104a   0x0800104a   0x00000006   Code   RO         3733    .text               c_w.l(heapauxi.o)
    0x08001050   0x08001050   0x0000004a   Code   RO         3790    .text               c_w.l(sys_stackheap_outer.o)
    0x0800109a   0x0800109a   0x00000012   Code   RO         3792    .text               c_w.l(exit.o)
    0x080010ac   0x080010ac   0x00000008   Code   RO         3802    .text               c_w.l(libspace.o)
    0x080010b4   0x080010b4   0x0000000c   Code   RO         3863    .text               c_w.l(sys_exit.o)
    0x080010c0   0x080010c0   0x00000002   Code   RO         3874    .text               c_w.l(use_no_semi.o)
    0x080010c2   0x080010c2   0x00000000   Code   RO         3876    .text               c_w.l(indicate_semi.o)
    0x080010c2   0x080010c2   0x00000002   PAD
    0x080010c4   0x080010c4   0x000000a0   Code   RO          350    i.DMA1_Stream3_IRQHandler  microphonedriver.o
    0x08001164   0x08001164   0x00000034   Code   RO          718    i.DMA_ClearFlag     stm32f4xx_dma.o
    0x08001198   0x08001198   0x00000014   Code   RO          727    i.DMA_GetCurrentMemoryTarget  stm32f4xx_dma.o
    0x080011ac   0x080011ac   0x00000044   Code   RO          729    i.DMA_GetFlagStatus  stm32f4xx_dma.o
    0x080011f0   0x080011f0   0x00000012   Code   RO          581    i.EXTI0_IRQHandler  pushbuttondriver.o
    0x08001202   0x08001202   0x00000002   PAD
    0x08001204   0x08001204   0x00000020   Code   RO          496    i.EXTI15_10_IRQHandler  trasnceiverdriver.o
    0x08001224   0x08001224   0x0000000c   Code   RO          851    i.EXTI_ClearITPendingBit  stm32f4xx_exti.o
    0x08001230   0x08001230   0x00000018   Code   RO          855    i.EXTI_GetITStatus  stm32f4xx_exti.o
    0x08001248   0x08001248   0x00000090   Code   RO          917    i.GPIO_Init         stm32f4xx_gpio.o
    0x080012d8   0x080012d8   0x00000008   Code   RO          927    i.GPIO_ToggleBits   stm32f4xx_gpio.o
    0x080012e0   0x080012e0   0x00000020   Code   RO         1360    i.RCC_AHB1PeriphClockCmd  stm32f4xx_rcc.o
    0x08001300   0x08001300   0x0000001a   Code   RO          619    i.RTC_Alarm_IRQHandler  rtcdriver.o
    0x0800131a   0x0800131a   0x00000016   Code   RO         1695    i.RTC_Bcd2ToByte    stm32f4xx_rtc.o
    0x08001330   0x08001330   0x0000001c   Code   RO         1697    i.RTC_ByteToBcd2    stm32f4xx_rtc.o
    0x0800134c   0x0800134c   0x000000ec   Code   RO         1726    i.RTC_SetAlarm      stm32f4xx_rtc.o
    0x08001438   0x08001438   0x000000ec   Code   RO         2851    i.SetSysClock       system_stm32f4xx.o
    0x08001524   0x08001524   0x00000034   Code   RO         3009    i.SysTick_Handler   port.o
    0x08001558   0x08001558   0x00000068   Code   RO         2853    i.SystemInit        system_stm32f4xx.o
    0x080015c0   0x080015c0   0x00000034   Code   RO          497    i.TIM3_IRQHandler   trasnceiverdriver.o
    0x080015f4   0x080015f4   0x00000006   Code   RO         2289    i.TIM_ClearITPendingBit  stm32f4xx_tim.o
    0x080015fa   0x080015fa   0x00000022   Code   RO         2315    i.TIM_GetITStatus   stm32f4xx_tim.o
    0x0800161c   0x0800161c   0x0000007c   Code   RO          621    i.alarmTimeUpdate   rtcdriver.o
    0x08001698   0x08001698   0x0000003c   Code   RO          132    i.main              main.o
    0x080016d4   0x080016d4   0x00000098   Code   RO         3289    i.prvAddCurrentTaskToDelayedList  tasks.o
    0x0800176c   0x0800176c   0x000000b4   Code   RO         3290    i.prvAddNewTaskToReadyList  tasks.o
    0x08001820   0x08001820   0x0000004c   Code   RO         3592    i.prvCheckForValidListAndQueue  timers.o
    0x0800186c   0x0800186c   0x00000064   Code   RO         3291    i.prvCheckTasksWaitingTermination  tasks.o
    0x080018d0   0x080018d0   0x0000002a   Code   RO         3085    i.prvCopyDataFromQueue  queue.o
    0x080018fa   0x080018fa   0x0000007c   Code   RO         3086    i.prvCopyDataToQueue  queue.o
    0x08001976   0x08001976   0x00000012   Code   RO         3292    i.prvDeleteTCB      tasks.o
    0x08001988   0x08001988   0x00000028   Code   RO         3593    i.prvGetNextExpireTime  timers.o
    0x080019b0   0x080019b0   0x00000038   Code   RO         2970    i.prvHeapInit       heap_2.o
    0x080019e8   0x080019e8   0x00000028   Code   RO         3293    i.prvIdleTask       tasks.o
    0x08001a10   0x08001a10   0x0000002a   Code   RO         3088    i.prvInitialiseNewQueue  queue.o
    0x08001a3a   0x08001a3a   0x000000aa   Code   RO         3294    i.prvInitialiseNewTask  tasks.o
    0x08001ae4   0x08001ae4   0x00000068   Code   RO         3295    i.prvInitialiseTaskLists  tasks.o
    0x08001b4c   0x08001b4c   0x00000058   Code   RO         3595    i.prvInsertTimerInActiveList  timers.o
    0x08001ba4   0x08001ba4   0x0000001a   Code   RO         3089    i.prvIsQueueEmpty   queue.o
    0x08001bbe   0x08001bbe   0x0000001e   Code   RO         3090    i.prvIsQueueFull    queue.o
    0x08001bdc   0x08001bdc   0x00000090   Code   RO         3091    i.prvNotifyQueueSetContainer  queue.o
    0x08001c6c   0x08001c6c   0x00000064   Code   RO         3596    i.prvProcessExpiredTimer  timers.o
    0x08001cd0   0x08001cd0   0x000000f8   Code   RO         3597    i.prvProcessReceivedCommands  timers.o
    0x08001dc8   0x08001dc8   0x00000074   Code   RO         3598    i.prvProcessTimerOrBlockTask  timers.o
    0x08001e3c   0x08001e3c   0x00000034   Code   RO         3296    i.prvResetNextTaskUnblockTime  tasks.o
    0x08001e70   0x08001e70   0x0000002c   Code   RO         3599    i.prvSampleTimeNow  timers.o
    0x08001e9c   0x08001e9c   0x00000034   Code   RO          133    i.prvSetupLed       main.o
    0x08001ed0   0x08001ed0   0x000000a0   Code   RO         3600    i.prvSwitchTimerLists  timers.o
    0x08001f70   0x08001f70   0x00000040   Code   RO         3010    i.prvTaskExitError  port.o
    0x08001fb0   0x08001fb0   0x0000001a   Code   RO         3601    i.prvTimerTask      timers.o
    0x08001fca   0x08001fca   0x00000092   Code   RO         3092    i.prvUnlockQueue    queue.o
    0x0800205c   0x0800205c   0x000000b8   Code   RO         2971    i.pvPortMalloc      heap_2.o
    0x08002114   0x08002114   0x00000020   Code   RO         3298    i.pvTaskIncrementMutexHeldCount  tasks.o
    0x08002134   0x08002134   0x0000002c   Code   RO         3011    i.pxPortInitialiseStack  port.o
    0x08002160   0x08002160   0x00000028   Code   RO         2922    i.uxListRemove      list.o
    0x08002188   0x08002188   0x00000020   Code   RO          134    i.vLEDTask          main.o
    0x080021a8   0x080021a8   0x0000001a   Code   RO         2923    i.vListInitialise   list.o
    0x080021c2   0x080021c2   0x00000006   Code   RO         2924    i.vListInitialiseItem  list.o
    0x080021c8   0x080021c8   0x00000034   Code   RO         2925    i.vListInsert       list.o
    0x080021fc   0x080021fc   0x00000018   Code   RO         2926    i.vListInsertEnd    list.o
    0x08002214   0x08002214   0x00000054   Code   RO         3013    i.vPortEnterCritical  port.o
    0x08002268   0x08002268   0x0000003c   Code   RO         3014    i.vPortExitCritical  port.o
    0x080022a4   0x080022a4   0x00000040   Code   RO         2972    i.vPortFree         heap_2.o
    0x080022e4   0x080022e4   0x00000020   Code   RO         3015    i.vPortSetupTimerInterrupt  port.o
    0x08002304   0x08002304   0x00000078   Code   RO         3016    i.vPortValidateInterruptPriority  port.o
    0x0800237c   0x0800237c   0x0000004a   Code   RO         3097    i.vQueueWaitForMessageRestricted  queue.o
    0x080023c6   0x080023c6   0x00000002   PAD
    0x080023c8   0x080023c8   0x0000005c   Code   RO         3304    i.vTaskDelay        tasks.o
    0x08002424   0x08002424   0x0000000c   Code   RO         3308    i.vTaskMissedYield  tasks.o
    0x08002430   0x08002430   0x00000038   Code   RO         3310    i.vTaskPlaceOnEventList  tasks.o
    0x08002468   0x08002468   0x00000040   Code   RO         3311    i.vTaskPlaceOnEventListRestricted  tasks.o
    0x080024a8   0x080024a8   0x000000b0   Code   RO         3313    i.vTaskPriorityInherit  tasks.o
    0x08002558   0x08002558   0x00000030   Code   RO         3316    i.vTaskSetTimeOutState  tasks.o
    0x08002588   0x08002588   0x00000094   Code   RO         3317    i.vTaskStartScheduler  tasks.o
    0x0800261c   0x0800261c   0x00000010   Code   RO         3319    i.vTaskSuspendAll   tasks.o
    0x0800262c   0x0800262c   0x0000008c   Code   RO         3320    i.vTaskSwitchContext  tasks.o
    0x080026b8   0x080026b8   0x0000013c   Code   RO         3017    i.xPortStartScheduler  port.o
    0x080027f4   0x080027f4   0x00000058   Code   RO         3102    i.xQueueGenericCreate  queue.o
    0x0800284c   0x0800284c   0x000001c4   Code   RO         3103    i.xQueueGenericReceive  queue.o
    0x08002a10   0x08002a10   0x00000098   Code   RO         3104    i.xQueueGenericReset  queue.o
    0x08002aa8   0x08002aa8   0x000001c8   Code   RO         3105    i.xQueueGenericSend  queue.o
    0x08002c70   0x08002c70   0x00000108   Code   RO         3106    i.xQueueGenericSendFromISR  queue.o
    0x08002d78   0x08002d78   0x0000008c   Code   RO         3321    i.xTaskCheckForTimeOut  tasks.o
    0x08002e04   0x08002e04   0x00000060   Code   RO         3322    i.xTaskCreate       tasks.o
    0x08002e64   0x08002e64   0x00000020   Code   RO         3326    i.xTaskGetSchedulerState  tasks.o
    0x08002e84   0x08002e84   0x0000000c   Code   RO         3327    i.xTaskGetTickCount  tasks.o
    0x08002e90   0x08002e90   0x00000148   Code   RO         3329    i.xTaskIncrementTick  tasks.o
    0x08002fd8   0x08002fd8   0x000000c8   Code   RO         3332    i.xTaskPriorityDisinherit  tasks.o
    0x080030a0   0x080030a0   0x00000098   Code   RO         3333    i.xTaskRemoveFromEventList  tasks.o
    0x08003138   0x08003138   0x00000104   Code   RO         3335    i.xTaskResumeAll    tasks.o
    0x0800323c   0x0800323c   0x00000058   Code   RO         3605    i.xTimerCreateTimerTask  timers.o
    0x08003294   0x08003294   0x00000084   Code   RO         3606    i.xTimerGenericCommand  timers.o
    0x08003318   0x08003318   0x00000150   Code   RO         3737    x$fpl$dadd          fz_wm.l(daddsub_clz.o)
    0x08003468   0x08003468   0x000002b0   Code   RO         3744    x$fpl$ddiv          fz_wm.l(ddiv.o)
    0x08003718   0x08003718   0x0000005a   Code   RO         3747    x$fpl$dfixu         fz_wm.l(dfixu.o)
    0x08003772   0x08003772   0x00000026   Code   RO         3751    x$fpl$dfltu         fz_wm.l(dflt_clz.o)
    0x08003798   0x08003798   0x00000154   Code   RO         3757    x$fpl$dmul          fz_wm.l(dmul.o)
    0x080038ec   0x080038ec   0x0000009c   Code   RO         3764    x$fpl$dnaninf       fz_wm.l(dnaninf.o)
    0x08003988   0x08003988   0x0000000c   Code   RO         3766    x$fpl$dretinf       fz_wm.l(dretinf.o)
    0x08003994   0x08003994   0x000001d4   Code   RO         3739    x$fpl$dsub          fz_wm.l(daddsub_clz.o)
    0x08003b68   0x08003b68   0x00000056   Code   RO         3759    x$fpl$f2d           fz_wm.l(f2d.o)
    0x08003bbe   0x08003bbe   0x00000002   PAD
    0x08003bc0   0x08003bc0   0x0000000c   Code   RO         3768    x$fpl$fcheck1       fz_wm.l(fcheck1.o)
    0x08003bcc   0x08003bcc   0x0000008c   Code   RO         3770    x$fpl$fnaninf       fz_wm.l(fnaninf.o)
    0x08003c58   0x08003c58   0x0000000a   Code   RO         3861    x$fpl$fpinit        fz_wm.l(fpinit.o)
    0x08003c62   0x08003c62   0x00000064   Code   RO         3788    x$fpl$retnan        fz_wm.l(retnan.o)
    0x08003cc6   0x08003cc6   0x0000004c   Code   RO         3761    x$fpl$scalbnf       fz_wm.l(scalbnf.o)
    0x08003d12   0x08003d12   0x00000030   Code   RO         3800    x$fpl$trapveneer    fz_wm.l(trapv.o)
    0x08003d42   0x08003d42   0x00000000   Code   RO         3772    x$fpl$usenofp       fz_wm.l(usenofp.o)
    0x08003d42   0x08003d42   0x00000002   PAD
    0x08003d44   0x08003d44   0x00000020   Data   RO         3929    Region$$Table       anon$$obj.o


    Execution Region ER_RW (Exec base: 0x20000000, Load base: 0x08003d64, Size: 0x0000039c, Max: 0xffffffff, ABSOLUTE, COMPRESSED[0x0000022c])

    Exec Addr    Load Addr    Size         Type   Attr      Idx    E Section Name        Object

    0x20000000   COMPRESSED   0x00000008   Data   RW          507    .data               trasnceiverdriver.o
    0x20000008   COMPRESSED   0x00000008   Data   RW          625    .data               rtcdriver.o
    0x20000010   COMPRESSED   0x00000014   Data   RW         2854    .data               system_stm32f4xx.o
    0x20000024   COMPRESSED   0x00000018   Data   RW         2976    .data               heap_2.o
    0x2000003c   COMPRESSED   0x0000000c   Data   RW         3018    .data               port.o
    0x20000048   COMPRESSED   0x0000003c   Data   RW         3338    .data               tasks.o
    0x20000084   COMPRESSED   0x00000014   Data   RW         3612    .data               timers.o
    0x20000098   COMPRESSED   0x00000304   Data   RW         3723    .data               libPDMFilter_Keil.lib(pdm_filter.o)


    Execution Region ER_ZI (Exec base: 0x2000039c, Load base: 0x08003f90, Size: 0x000113d4, Max: 0xffffffff, ABSOLUTE)

    Exec Addr    Load Addr    Size         Type   Attr      Idx    E Section Name        Object

    0x2000039c        -       0x0000fc70   Zero   RW          356    .bss                microphonedriver.o
    0x2001000c        -       0x00000010   Zero   RW          624    .bss                rtcdriver.o
    0x2001001c        -       0x00001000   Zero   RW         2975    .bss                heap_2.o
    0x2001101c        -       0x000000c8   Zero   RW         3337    .bss                tasks.o
    0x200110e4        -       0x00000028   Zero   RW         3611    .bss                timers.o
    0x2001110c        -       0x00000060   Zero   RW         3803    .bss                c_w.l(libspace.o)
    0x2001116c   0x08003f90   0x00000004   PAD
    0x20011170        -       0x00000200   Zero   RW         2842    HEAP                startup_stm32f40_41xxx.o
    0x20011370        -       0x00000400   Zero   RW         2841    STACK               startup_stm32f40_41xxx.o


==============================================================================

Image component sizes


      Code (inc. data)   RO Data    RW Data    ZI Data      Debug   Object Name

         0          0          0          0          0       2432   freertos_evr.o
         0          0          0          0          0     303844   gyroscopedriver.o
       304         40          0         24       4096       3751   heap_2.o
       148          0          0          0          0       4874   list.o
       144         28          0          0          0      11280   main.o
       160         26          0          0      64624       1991   microphonedriver.o
       954         92          0         12          0      11745   port.o
        18          0          0          0          0        479   pushbuttondriver.o
      2040         16          0          0          0      22146   queue.o
       150         14          0          8         16       1183   rtcdriver.o
        64         26        392          0       1536        844   startup_stm32f40_41xxx.o
       140         28          0          0          0       3469   stm32f4xx_dma.o
        36         10          0          0          0       1264   stm32f4xx_exti.o
       152          0          0          0          0       1890   stm32f4xx_gpio.o
        32          6          0          0          0        653   stm32f4xx_rcc.o
       286          6          0          0          0       3151   stm32f4xx_rtc.o
        40          0          0          0          0       2078   stm32f4xx_tim.o
       340         32          0         20          0       1845   system_stm32f4xx.o
      2820        370          0         60        200      23405   tasks.o
      1118        110          0         20         40      17851   timers.o
        84         20          0          8          0       1897   trasnceiverdriver.o

    ----------------------------------------------------------------------
      9036        824        424        152      70512     422072   Object Totals
         0          0         32          0          0          0   (incl. Generated)
         6          0          0          0          0          0   (incl. Padding)

    ----------------------------------------------------------------------

      Code (inc. data)   RO Data    RW Data    ZI Data      Debug   Library Member Name

        90          0          0          0          0          0   __dczerorl2.o
         8          0          0          0          0         68   __main.o
         0          0          0          0          0          0   __rtentry.o
        12          0          0          0          0          0   __rtentry2.o
         6          0          0          0          0          0   __rtentry4.o
        52          8          0          0          0          0   __scatter.o
        28          0          0          0          0          0   __scatter_zi.o
        18          0          0          0          0         80   exit.o
         6          0          0          0          0        152   heapauxi.o
         0          0          0          0          0          0   indicate_semi.o
         2          0          0          0          0          0   libinit.o
         6          0          0          0          0          0   libinit2.o
         2          0          0          0          0          0   libshutdown.o
         2          0          0          0          0          0   libshutdown2.o
         8          4          0          0         96         68   libspace.o
       138          0          0          0          0         68   rt_memcpy_v6.o
       100          0          0          0          0         80   rt_memcpy_w.o
         2          0          0          0          0          0   rtexit.o
        10          0          0          0          0          0   rtexit2.o
        12          4          0          0          0         68   sys_exit.o
        74          0          0          0          0         80   sys_stackheap_outer.o
         2          0          0          0          0         68   use_no_semi.o
       804         16          0          0          0        368   daddsub_clz.o
       688        140          0          0          0        256   ddiv.o
        90          4          0          0          0        140   dfixu.o
        38          0          0          0          0        116   dflt_clz.o
       340         12          0          0          0        152   dmul.o
       156          4          0          0          0        140   dnaninf.o
        12          0          0          0          0        116   dretinf.o
        86          4          0          0          0        132   f2d.o
        12          4          0          0          0        116   fcheck1.o
       140          4          0          0          0        132   fnaninf.o
        10          0          0          0          0        116   fpinit.o
       100          0          0          0          0        116   retnan.o
        76          0          0          0          0        116   scalbnf.o
        48          0          0          0          0        116   trapv.o
         0          0          0          0          0          0   usenofp.o
      3068         54          0        772          0        268   pdm_filter.o

    ----------------------------------------------------------------------
      6256        258          0        772        100       3132   Library Totals
        10          0          0          0          4          0   (incl. Padding)

    ----------------------------------------------------------------------

      Code (inc. data)   RO Data    RW Data    ZI Data      Debug   Library Name

       578         16          0          0         96        732   c_w.l
      2600        188          0          0          0       2132   fz_wm.l
      3068         54          0        772          0        268   libPDMFilter_Keil.lib

    ----------------------------------------------------------------------
      6256        258          0        772        100       3132   Library Totals

    ----------------------------------------------------------------------

==============================================================================


      Code (inc. data)   RO Data    RW Data    ZI Data      Debug   

     15292       1082        424        924      70612     414792   Grand Totals
     15292       1082        424        556      70612     414792   ELF Image Totals (compressed)
     15292       1082        424        556          0          0   ROM Totals

==============================================================================

    Total RO  Size (Code + RO Data)                15716 (  15.35kB)
    Total RW  Size (RW Data + ZI Data)             71536 (  69.86kB)
    Total ROM Size (Code + RO Data + RW Data)      16272 (  15.89kB)

==============================================================================

